{
  "timestamp": "2026-04-29T23:54:11+00:00",
  "caps": {
    "HARVEST_CAP": 25,
    "KEYWORD_KEEP": 10,
    "GENERAL_KEEP": 5
  },
  "buckets": {
    "gastro_t1": {
      "total": 0,
      "kept": 0
    },
    "gastro_t2": {
      "total": 0,
      "kept": 0
    },
    "general_keyword": {
      "total": 0,
      "kept": 0
    },
    "general_other": {
      "total": 10,
      "kept": 5
    }
  },
  "totals": {
    "kept": 5,
    "dropped": 5
  },
  "per_source": {
    "ahgz-gastro": {
      "name": "AHGZ Gastronomie",
      "fetched": 25,
      "noise": 0,
      "seen": 25,
      "candidates": 0,
      "errors": []
    },
    "bmel": {
      "name": "BMEL Pressemitteilungen",
      "fetched": 50,
      "noise": 0,
      "seen": 50,
      "candidates": 0,
      "errors": []
    },
    "dehoga-berlin": {
      "name": "DEHOGA Berlin",
      "fetched": 10,
      "noise": 0,
      "seen": 10,
      "candidates": 0,
      "errors": []
    },
    "faz": {
      "name": "FAZ Aktuell",
      "fetched": 134,
      "noise": 0,
      "seen": 132,
      "candidates": 2,
      "errors": []
    },
    "manager-magazin": {
      "name": "Manager Magazin",
      "fetched": 30,
      "noise": 0,
      "seen": 30,
      "candidates": 0,
      "errors": []
    },
    "politico-eu": {
      "name": "Politico EU",
      "fetched": 10,
      "noise": 0,
      "seen": 9,
      "candidates": 1,
      "errors": []
    },
    "scmp": {
      "name": "South China Morning Post",
      "fetched": 50,
      "noise": 0,
      "seen": 44,
      "candidates": 6,
      "errors": []
    },
    "spiegel": {
      "name": "Der Spiegel",
      "fetched": 30,
      "noise": 0,
      "seen": 30,
      "candidates": 0,
      "errors": []
    },
    "tagesschau-wirtschaft": {
      "name": "Tagesschau Wirtschaft",
      "fetched": 37,
      "noise": 0,
      "seen": 37,
      "candidates": 0,
      "errors": []
    },
    "wiwo": {
      "name": "WirtschaftsWoche",
      "fetched": 20,
      "noise": 0,
      "seen": 20,
      "candidates": 0,
      "errors": []
    },
    "ahgz-all": {
      "name": "AHGZ Allgemein",
      "fetched": 25,
      "noise": 0,
      "seen": 25,
      "candidates": 0,
      "errors": []
    },
    "ahgz-suppliers": {
      "name": "AHGZ Zulieferer",
      "fetched": 25,
      "noise": 0,
      "seen": 25,
      "candidates": 0,
      "errors": []
    },
    "dw-de": {
      "name": "Deutsche Welle (DE)",
      "fetched": 83,
      "noise": 0,
      "seen": 83,
      "candidates": 0,
      "errors": []
    },
    "dw-en": {
      "name": "Deutsche Welle (EN)",
      "fetched": 124,
      "noise": 0,
      "seen": 123,
      "candidates": 1,
      "errors": []
    },
    "ec-press": {
      "name": "European Commission Press",
      "fetched": 10,
      "noise": 0,
      "seen": 10,
      "candidates": 0,
      "errors": []
    },
    "efsa-press": {
      "name": "EFSA Press",
      "fetched": 10,
      "noise": 0,
      "seen": 10,
      "candidates": 0,
      "errors": []
    },
    "euobserver": {
      "name": "EUobserver",
      "fetched": 20,
      "noise": 0,
      "seen": 20,
      "candidates": 0,
      "errors": []
    },
    "tagesschau-all": {
      "name": "Tagesschau All",
      "fetched": 76,
      "noise": 0,
      "seen": 76,
      "candidates": 0,
      "errors": []
    },
    "wiwo-politik": {
      "name": "WiWo Politik",
      "fetched": 20,
      "noise": 0,
      "seen": 20,
      "candidates": 0,
      "errors": []
    },
    "zdf-wirtschaft": {
      "name": "ZDFheute Wirtschaft",
      "fetched": 76,
      "noise": 0,
      "seen": 76,
      "candidates": 0,
      "errors": []
    }
  },
  "kept_titles": [
    {
      "title": "Liveblog Irankrieg: Hegseth greift kritische Abgeordnete an",
      "source_id": "faz",
      "score": 76,
      "bucket": "general_other"
    },
    {
      "title": "Ludwig-Erhard-Gipfel: Am Tegernsee erfreut man sich der eigenen Resilienz",
      "source_id": "faz",
      "score": 76,
      "bucket": "general_other"
    },
    {
      "title": "Trump says US considering reducing troops in Germany",
      "source_id": "politico-eu",
      "score": 74,
      "bucket": "general_other"
    },
    {
      "title": "Trump may cut US troops in Germany after Merz’s ‘humiliating’ Iran comment",
      "source_id": "scmp",
      "score": 74,
      "bucket": "general_other"
    },
    {
      "title": "US lawmakers warn China is top space rival as race to the moon intensifies",
      "source_id": "scmp",
      "score": 74,
      "bucket": "general_other"
    }
  ],
  "dropped_titles": [
    {
      "title": "Huawei’s HarmonyOS on more than 55m phones as China steps up push for domestic software",
      "source_id": "scmp",
      "score": 74,
      "bucket": "general_other"
    },
    {
      "title": "HKMA holds base interest rate at 4%, following Fed as war inflation worries persist",
      "source_id": "scmp",
      "score": 74,
      "bucket": "general_other"
    },
    {
      "title": "What the rise of ‘Wasians’ like Alysa Liu and Hudson Williams means for part-Asian identity",
      "source_id": "scmp",
      "score": 74,
      "bucket": "general_other"
    },
    {
      "title": "Ahead of Labour Day, a sensible tweak to Hong Kong’s tourism strategy",
      "source_id": "scmp",
      "score": 74,
      "bucket": "general_other"
    },
    {
      "title": "Trump threatens US troop cuts in Germany",
      "source_id": "dw-en",
      "score": 42,
      "bucket": "general_other"
    }
  ]
}