{
  "timestamp": "2026-06-19T22:29:47+00:00",
  "caps": {
    "HARVEST_CAP": 25,
    "KEYWORD_KEEP": 10,
    "GENERAL_KEEP": 5
  },
  "buckets": {
    "gastro_t1": {
      "total": 0,
      "kept": 0
    },
    "gastro_t2": {
      "total": 0,
      "kept": 0
    },
    "general_keyword": {
      "total": 0,
      "kept": 0
    },
    "general_other": {
      "total": 5,
      "kept": 5
    }
  },
  "totals": {
    "kept": 5,
    "dropped": 0
  },
  "per_source": {
    "ahgz-gastro": {
      "name": "AHGZ Gastronomie",
      "fetched": 25,
      "noise": 0,
      "seen": 25,
      "candidates": 0,
      "errors": []
    },
    "bmel": {
      "name": "BMEL Pressemitteilungen",
      "fetched": 50,
      "noise": 0,
      "seen": 50,
      "candidates": 0,
      "errors": []
    },
    "dehoga-berlin": {
      "name": "DEHOGA Berlin",
      "fetched": 10,
      "noise": 0,
      "seen": 10,
      "candidates": 0,
      "errors": []
    },
    "faz": {
      "name": "FAZ Aktuell",
      "fetched": 104,
      "noise": 0,
      "seen": 104,
      "candidates": 0,
      "errors": []
    },
    "manager-magazin": {
      "name": "Manager Magazin",
      "fetched": 30,
      "noise": 0,
      "seen": 30,
      "candidates": 0,
      "errors": []
    },
    "politico-eu": {
      "name": "Politico EU",
      "fetched": 10,
      "noise": 0,
      "seen": 10,
      "candidates": 0,
      "errors": []
    },
    "scmp": {
      "name": "South China Morning Post",
      "fetched": 50,
      "noise": 0,
      "seen": 47,
      "candidates": 3,
      "errors": []
    },
    "spiegel": {
      "name": "Der Spiegel",
      "fetched": 30,
      "noise": 0,
      "seen": 29,
      "candidates": 1,
      "errors": []
    },
    "tagesschau-wirtschaft": {
      "name": "Tagesschau Wirtschaft",
      "fetched": 49,
      "noise": 0,
      "seen": 49,
      "candidates": 0,
      "errors": []
    },
    "wiwo": {
      "name": "WirtschaftsWoche",
      "fetched": 20,
      "noise": 0,
      "seen": 20,
      "candidates": 0,
      "errors": []
    },
    "ahgz-all": {
      "name": "AHGZ Allgemein",
      "fetched": 25,
      "noise": 0,
      "seen": 25,
      "candidates": 0,
      "errors": []
    },
    "ahgz-suppliers": {
      "name": "AHGZ Zulieferer",
      "fetched": 25,
      "noise": 0,
      "seen": 25,
      "candidates": 0,
      "errors": []
    },
    "dw-de": {
      "name": "Deutsche Welle (DE)",
      "fetched": 83,
      "noise": 0,
      "seen": 83,
      "candidates": 0,
      "errors": []
    },
    "dw-en": {
      "name": "Deutsche Welle (EN)",
      "fetched": 147,
      "noise": 0,
      "seen": 147,
      "candidates": 0,
      "errors": []
    },
    "ec-press": {
      "name": "European Commission Press",
      "fetched": 10,
      "noise": 0,
      "seen": 10,
      "candidates": 0,
      "errors": []
    },
    "efsa-press": {
      "name": "EFSA Press",
      "fetched": 0,
      "noise": 0,
      "seen": 0,
      "candidates": 0,
      "errors": [
        "<unknown>:2:123: not well-formed (invalid token)"
      ]
    },
    "euobserver": {
      "name": "EUobserver",
      "fetched": 20,
      "noise": 0,
      "seen": 20,
      "candidates": 0,
      "errors": []
    },
    "tagesschau-all": {
      "name": "Tagesschau All",
      "fetched": 68,
      "noise": 0,
      "seen": 67,
      "candidates": 1,
      "errors": []
    },
    "wiwo-politik": {
      "name": "WiWo Politik",
      "fetched": 20,
      "noise": 0,
      "seen": 20,
      "candidates": 0,
      "errors": []
    },
    "zdf-wirtschaft": {
      "name": "ZDFheute Wirtschaft",
      "fetched": 73,
      "noise": 0,
      "seen": 73,
      "candidates": 0,
      "errors": []
    }
  },
  "kept_titles": [
    {
      "title": "WM 2026 Live: Algerien legt wegen Lionel Messi Protest ein",
      "source_id": "spiegel",
      "score": 80,
      "bucket": "general_other"
    },
    {
      "title": "Taylor Swift and the Haim sisters’ decade-long friendship",
      "source_id": "scmp",
      "score": 74,
      "bucket": "general_other"
    },
    {
      "title": "Energy storage: China’s battery power sets stage for global leadership",
      "source_id": "scmp",
      "score": 74,
      "bucket": "general_other"
    },
    {
      "title": "Why luxury tea towels are the ultimate kitchen and home decor upgrade",
      "source_id": "scmp",
      "score": 74,
      "bucket": "general_other"
    },
    {
      "title": "Trump-Bemerkung zu Meloni löst Krise zwischen Italien und USA aus",
      "source_id": "tagesschau-all",
      "score": 45,
      "bucket": "general_other"
    }
  ],
  "dropped_titles": []
}