{
  "timestamp": "2026-05-10T05:02:40+00:00",
  "caps": {
    "HARVEST_CAP": 25,
    "KEYWORD_KEEP": 10,
    "GENERAL_KEEP": 5
  },
  "buckets": {
    "gastro_t1": {
      "total": 2,
      "kept": 2
    },
    "gastro_t2": {
      "total": 1,
      "kept": 1
    },
    "general_keyword": {
      "total": 21,
      "kept": 10
    },
    "general_other": {
      "total": 239,
      "kept": 5
    }
  },
  "totals": {
    "kept": 18,
    "dropped": 241
  },
  "per_source": {
    "ahgz-gastro": {
      "name": "AHGZ Gastronomie",
      "fetched": 25,
      "noise": 0,
      "seen": 25,
      "candidates": 0,
      "errors": []
    },
    "bmel": {
      "name": "BMEL Pressemitteilungen",
      "fetched": 50,
      "noise": 0,
      "seen": 50,
      "candidates": 0,
      "errors": []
    },
    "dehoga-berlin": {
      "name": "DEHOGA Berlin",
      "fetched": 10,
      "noise": 0,
      "seen": 10,
      "candidates": 0,
      "errors": []
    },
    "faz": {
      "name": "FAZ Aktuell",
      "fetched": 126,
      "noise": 0,
      "seen": 63,
      "candidates": 63,
      "errors": []
    },
    "manager-magazin": {
      "name": "Manager Magazin",
      "fetched": 30,
      "noise": 0,
      "seen": 25,
      "candidates": 5,
      "errors": []
    },
    "politico-eu": {
      "name": "Politico EU",
      "fetched": 10,
      "noise": 0,
      "seen": 0,
      "candidates": 10,
      "errors": []
    },
    "scmp": {
      "name": "South China Morning Post",
      "fetched": 50,
      "noise": 0,
      "seen": 0,
      "candidates": 50,
      "errors": []
    },
    "spiegel": {
      "name": "Der Spiegel",
      "fetched": 30,
      "noise": 0,
      "seen": 0,
      "candidates": 30,
      "errors": []
    },
    "tagesschau-wirtschaft": {
      "name": "Tagesschau Wirtschaft",
      "fetched": 20,
      "noise": 0,
      "seen": 17,
      "candidates": 3,
      "errors": []
    },
    "wiwo": {
      "name": "WirtschaftsWoche",
      "fetched": 20,
      "noise": 0,
      "seen": 2,
      "candidates": 18,
      "errors": []
    },
    "ahgz-all": {
      "name": "AHGZ Allgemein",
      "fetched": 25,
      "noise": 0,
      "seen": 24,
      "candidates": 1,
      "errors": []
    },
    "ahgz-suppliers": {
      "name": "AHGZ Zulieferer",
      "fetched": 25,
      "noise": 0,
      "seen": 24,
      "candidates": 1,
      "errors": []
    },
    "dw-de": {
      "name": "Deutsche Welle (DE)",
      "fetched": 79,
      "noise": 0,
      "seen": 72,
      "candidates": 7,
      "errors": []
    },
    "dw-en": {
      "name": "Deutsche Welle (EN)",
      "fetched": 131,
      "noise": 0,
      "seen": 118,
      "candidates": 13,
      "errors": []
    },
    "ec-press": {
      "name": "European Commission Press",
      "fetched": 10,
      "noise": 0,
      "seen": 9,
      "candidates": 1,
      "errors": []
    },
    "efsa-press": {
      "name": "EFSA Press",
      "fetched": 10,
      "noise": 0,
      "seen": 10,
      "candidates": 0,
      "errors": []
    },
    "euobserver": {
      "name": "EUobserver",
      "fetched": 20,
      "noise": 0,
      "seen": 17,
      "candidates": 3,
      "errors": []
    },
    "tagesschau-all": {
      "name": "Tagesschau All",
      "fetched": 70,
      "noise": 0,
      "seen": 32,
      "candidates": 38,
      "errors": []
    },
    "wiwo-politik": {
      "name": "WiWo Politik",
      "fetched": 20,
      "noise": 0,
      "seen": 7,
      "candidates": 13,
      "errors": []
    },
    "zdf-wirtschaft": {
      "name": "ZDFheute Wirtschaft",
      "fetched": 74,
      "noise": 0,
      "seen": 67,
      "candidates": 7,
      "errors": []
    }
  },
  "kept_titles": [
    {
      "title": "Arbeitstage bis zu 14 Stunden: Wie Paketboten ausgebeutet werden",
      "source_id": "tagesschau-wirtschaft",
      "score": 87,
      "bucket": "general_keyword"
    },
    {
      "title": "Ab Sommer 2028: Bahn plant Direktverbindung von Berlin nach Oslo",
      "source_id": "tagesschau-wirtschaft",
      "score": 87,
      "bucket": "general_other"
    },
    {
      "title": "Was es für Familien bedeutet, wenn der Bauträger pleite geht",
      "source_id": "tagesschau-wirtschaft",
      "score": 87,
      "bucket": "general_other"
    },
    {
      "title": "Google Maps: So finden Sie heraus, welche Restaurants aus Ihrer Stadt Bewertungen löschen lassen",
      "source_id": "spiegel",
      "score": 80,
      "bucket": "general_keyword"
    },
    {
      "title": "Fast 70 Tote bei Milizenangriff in der Demokratischen Republik Kongo",
      "source_id": "spiegel",
      "score": 80,
      "bucket": "general_keyword"
    },
    {
      "title": "Abschiebungen nach Afghanistan: Wie die Bundesregierung die Taliban ins Land ließ",
      "source_id": "spiegel",
      "score": 80,
      "bucket": "general_other"
    },
    {
      "title": "Ukraine-Krieg: Zoodirektor kämpft in Mykolajiw um seine Tiere",
      "source_id": "spiegel",
      "score": 80,
      "bucket": "general_other"
    },
    {
      "title": "Medienanwalt Ralf Höcker: Uni erkennt Professorentitel ab",
      "source_id": "spiegel",
      "score": 80,
      "bucket": "general_other"
    },
    {
      "title": "Wirtin aus Wiesbaden: Ela sagt Tschüss – aber nicht so ganz",
      "source_id": "faz",
      "score": 76,
      "bucket": "general_keyword"
    },
    {
      "title": "Soziale Medien: Ist das das Ende des Social-Media-Zeitalters?",
      "source_id": "faz",
      "score": 76,
      "bucket": "general_keyword"
    },
    {
      "title": "Schottland: Urlaub im Buchladen: Drei Schwestern leben ihren Traum",
      "source_id": "faz",
      "score": 76,
      "bucket": "general_keyword"
    },
    {
      "title": "Makrelen aus dem Saarland: Fischzuchtanlage in Völklingen meldet Insolvenz an",
      "source_id": "ahgz-all",
      "score": 75,
      "bucket": "gastro_t1"
    },
    {
      "title": "KFC, McDonald’s drive-throughs in China get EV charging, upgraded smart systems",
      "source_id": "scmp",
      "score": 74,
      "bucket": "general_keyword"
    },
    {
      "title": "Turning the tables: how 3 Hong Kong mothers are spinning trauma into hope as DJs",
      "source_id": "scmp",
      "score": 74,
      "bucket": "general_keyword"
    },
    {
      "title": "K-pop moved on from Goo Hara, Sulli and Jonghyun’s suicides. Fans never did",
      "source_id": "scmp",
      "score": 74,
      "bucket": "general_keyword"
    },
    {
      "title": "China’s AI drive seen widening wealth gap, testing ‘common prosperity’ push",
      "source_id": "scmp",
      "score": 74,
      "bucket": "general_keyword"
    },
    {
      "title": "Discurso da Comissária Albuquerque nas comemorações do Dia da Europa",
      "source_id": "ec-press",
      "score": 65,
      "bucket": "gastro_t2"
    },
    {
      "title": "Makrelen aus dem Saarland: Fischzuchtanlage in Völklingen meldet Insolvenz an",
      "source_id": "ahgz-suppliers",
      "score": 40,
      "bucket": "gastro_t1"
    }
  ],
  "dropped_titles": [
    {
      "title": "Nazi-Verbrechen in Griechenland: »50 tote Griechen für einen toten Deutschen«",
      "source_id": "spiegel",
      "score": 80,
      "bucket": "general_other"
    },
    {
      "title": "Elektroauto-Beschleunigung: Wenn die Familienkutsche wie ein Ferrari losrast",
      "source_id": "spiegel",
      "score": 80,
      "bucket": "general_other"
    },
    {
      "title": "Nordsee: Mythos Rungholt – warum Mönche, Forscher und Politiker eine Trauerfeier im Watt halten",
      "source_id": "spiegel",
      "score": 80,
      "bucket": "general_other"
    },
    {
      "title": "Muttertag: Was genau feiern wir eigentlich?",
      "source_id": "spiegel",
      "score": 80,
      "bucket": "general_other"
    },
    {
      "title": "Fahrrad-Packtaschen im Test: Ortlieb, Vaude, Otinga, SKS, Thule, Topeak und Brooks",
      "source_id": "spiegel",
      "score": 80,
      "bucket": "general_other"
    },
    {
      "title": "Buchladen voller Liebe, Ukrainer kämpft um seinen Zoo - die guten Nachrichten der Woche",
      "source_id": "spiegel",
      "score": 80,
      "bucket": "general_other"
    },
    {
      "title": "Mount Everest: Wie eine Tragödie den Alpinismus am höchsten Berg der Erde veränderte",
      "source_id": "spiegel",
      "score": 80,
      "bucket": "general_other"
    },
    {
      "title": "12.000 Meter über dem Atlantik erfährt Lars Klingbeil von der nächsten Schlappe",
      "source_id": "spiegel",
      "score": 80,
      "bucket": "general_other"
    },
    {
      "title": "Menowin Fröhlich gewinnt »Deutschland sucht den Superstar«: Auf den Knien, Dieter Bohlen im Arm",
      "source_id": "spiegel",
      "score": 80,
      "bucket": "general_other"
    },
    {
      "title": "NBA: Dennis Schröder gewinnt mit Cleveland Cavaliers in den Playoffs gegen Detroit",
      "source_id": "spiegel",
      "score": 80,
      "bucket": "general_other"
    },
    {
      "title": "Jair Bolsonaro in Brasilien: Oberstes Gericht stoppt Haftverkürzung für Bolsonaro",
      "source_id": "spiegel",
      "score": 80,
      "bucket": "general_other"
    },
    {
      "title": "Tschernobyl: Waldbrand tobt in Sperrzone um Atomkraftwerk in der Ukraine – Drohnen als Ursache",
      "source_id": "spiegel",
      "score": 80,
      "bucket": "general_other"
    },
    {
      "title": "Ukraine: Wladimir Putin wünscht sich Gerhard Schröder als Vermittler im Krieg",
      "source_id": "spiegel",
      "score": 80,
      "bucket": "general_other"
    },
    {
      "title": "Lady Bitch Ray: Ihr Weg vom Skandalrap zur Professorin",
      "source_id": "spiegel",
      "score": 80,
      "bucket": "general_other"
    },
    {
      "title": "Spannungen mit Donald Trump: Friedrich Merz sieht Stärke der Nato nicht allein von Truppenzahl abhängig",
      "source_id": "spiegel",
      "score": 80,
      "bucket": "general_other"
    },
    {
      "title": "Bundesliga: Micheal-Olise-Traumtor sichert FC Bayern Sieg beim VfL Wolfsburg",
      "source_id": "spiegel",
      "score": 80,
      "bucket": "general_other"
    },
    {
      "title": "Geblitzt im Einsatz: Schneller als das Ordnungsamt erlaubt - SPIEGEL TV",
      "source_id": "spiegel",
      "score": 80,
      "bucket": "general_other"
    },
    {
      "title": "Ungarn: Peter Magyar löst Viktor Orbán ab - das Land hofft nun auf den guten Populisten",
      "source_id": "spiegel",
      "score": 80,
      "bucket": "general_other"
    },
    {
      "title": "Phoenix: Wie der Sender im Reichstag Demokratie erlebbar macht",
      "source_id": "spiegel",
      "score": 80,
      "bucket": "general_other"
    },
    {
      "title": "Sigmund Freud: Das Bild der hysterischen Frau – Podcast",
      "source_id": "spiegel",
      "score": 80,
      "bucket": "general_other"
    },
    {
      "title": "Geht Österreich jetzt schärfer gegen Wladimir Putins Spione vor?",
      "source_id": "spiegel",
      "score": 80,
      "bucket": "general_other"
    },
    {
      "title": "Hantavirus: Argentinische Behörden verneinen Ursprung in Feuerland",
      "source_id": "spiegel",
      "score": 80,
      "bucket": "general_other"
    },
    {
      "title": "Leben mit Downsyndrom: Wie Rituale meiner Tochter Sicherheit geben",
      "source_id": "spiegel",
      "score": 80,
      "bucket": "general_other"
    },
    {
      "title": "Giro d'Italia: Massensturz auf zweiter Etappe überschattet Rennen",
      "source_id": "spiegel",
      "score": 80,
      "bucket": "general_other"
    },
    {
      "title": "Denver: Person wurde in Flugzeugtriebwerk gesogen",
      "source_id": "spiegel",
      "score": 80,
      "bucket": "general_other"
    },
    {
      "title": "In 25 Jahren: Deutschland ist ein anderes Land geworden",
      "source_id": "faz",
      "score": 76,
      "bucket": "general_other"
    },
    {
      "title": "Vor 25 Jahren: War früher alles besser?",
      "source_id": "faz",
      "score": 76,
      "bucket": "general_other"
    },
    {
      "title": "Liveblog Ukrainekrieg: Putin schlägt Gerhard Schröder als Vermittler vor",
      "source_id": "faz",
      "score": 76,
      "bucket": "general_other"
    },
    {
      "title": "Deutschland als „sweet Spot“: Für Putin eröffnen sich Gelegenheiten",
      "source_id": "faz",
      "score": 76,
      "bucket": "general_other"
    },
    {
      "title": "Militärparade in Moskau: Trump erlöst Putin aus einem Dilemma",
      "source_id": "faz",
      "score": 76,
      "bucket": "general_other"
    },
    {
      "title": "Deutschland-Liveblog: Femizide: Hubig will Strafrecht verschärfen",
      "source_id": "faz",
      "score": 76,
      "bucket": "general_other"
    },
    {
      "title": "Ministerpräsident Magyar: „Willkommen in einem freien und demokratischen Ungarn“",
      "source_id": "faz",
      "score": 76,
      "bucket": "general_other"
    },
    {
      "title": "Krieg im Persischen Golf: Droht jetzt ein echter Engpass beim Sprit?",
      "source_id": "faz",
      "score": 76,
      "bucket": "general_other"
    },
    {
      "title": "Büros für Bundestag: Klöckner und Nouripour wollen millionenschweres Bauprojekt stoppen",
      "source_id": "faz",
      "score": 76,
      "bucket": "general_other"
    },
    {
      "title": "0:1 gegen den FC BAyern: Wolfsburg muss ins Endspiel um den Klassenverbleib",
      "source_id": "faz",
      "score": 76,
      "bucket": "general_other"
    },
    {
      "title": "Regulierung: Freiheit im Putenstall – Schadet das dem Tierschutz?",
      "source_id": "faz",
      "score": 76,
      "bucket": "general_other"
    },
    {
      "title": "Ungarns neue Regierung: Magyar kann den Schlüssel zur fast unumschränkten Macht ein letztes Mal nutzen",
      "source_id": "faz",
      "score": 76,
      "bucket": "general_other"
    },
    {
      "title": "Käfigkämpfe in Washington: Der Präsident macht Zirkus",
      "source_id": "faz",
      "score": 76,
      "bucket": "general_other"
    },
    {
      "title": "Neun Fraktionen in Darmstadt: Parlament voller Spannungen",
      "source_id": "faz",
      "score": 76,
      "bucket": "general_other"
    },
    {
      "title": "Frankfurts Stadtoberhaupt: Was auf Mike Josef jetzt zukommt",
      "source_id": "faz",
      "score": 76,
      "bucket": "general_other"
    },
    {
      "title": "Fußball-WM und Diplomatie: Der Kanzler muss draußen bleiben",
      "source_id": "faz",
      "score": 76,
      "bucket": "general_other"
    },
    {
      "title": "Zweite Liga: Schalke bleibt nach der Aufstiegsparty in Nürnberg chancenlos",
      "source_id": "faz",
      "score": 76,
      "bucket": "general_other"
    },
    {
      "title": "schottlands Regierungschef: „Nigel Farage galoppiert nun Richtung Downing Street“",
      "source_id": "faz",
      "score": 76,
      "bucket": "general_other"
    },
    {
      "title": "Moderne Männlichkeit: Von der Schwierigkeit, heutzutage ein Mann zu sein",
      "source_id": "faz",
      "score": 76,
      "bucket": "general_other"
    },
    {
      "title": "Auf Startbahn: Mensch in Denver von Flugzeug erfasst",
      "source_id": "faz",
      "score": 76,
      "bucket": "general_other"
    },
    {
      "title": "Uli Hoeneß im Interview: „Was mit den Preisen für die WM in den USA passiert, lehne ich total ab“",
      "source_id": "faz",
      "score": 76,
      "bucket": "general_other"
    },
    {
      "title": "Fahrbericht Skoda Elroq: Inmitten der Gesellschaft",
      "source_id": "faz",
      "score": 76,
      "bucket": "general_other"
    },
    {
      "title": "Gaza: „Recht auf Hoffnung“ – Marathon im Gazastreifen",
      "source_id": "faz",
      "score": 76,
      "bucket": "general_other"
    },
    {
      "title": "Denver: Flughafen-Vorfall: Flugzeug soll Person erfasst haben",
      "source_id": "faz",
      "score": 76,
      "bucket": "general_other"
    },
    {
      "title": "Zum vierten Mal in Serie: Osimhen macht Galatasaray wieder zum türkischen Meister",
      "source_id": "faz",
      "score": 76,
      "bucket": "general_other"
    }
  ]
}