{
  "timestamp": "2026-07-04T04:00:14+00:00",
  "caps": {
    "HARVEST_CAP": 25,
    "KEYWORD_KEEP": 10,
    "GENERAL_KEEP": 5
  },
  "buckets": {
    "gastro_t1": {
      "total": 14,
      "kept": 14
    },
    "gastro_t2": {
      "total": 3,
      "kept": 0
    },
    "general_keyword": {
      "total": 32,
      "kept": 6
    },
    "general_other": {
      "total": 326,
      "kept": 5
    }
  },
  "totals": {
    "kept": 25,
    "dropped": 347
  },
  "per_source": {
    "ahgz-gastro": {
      "name": "AHGZ Gastronomie",
      "fetched": 25,
      "noise": 0,
      "seen": 24,
      "candidates": 1,
      "errors": []
    },
    "bmel": {
      "name": "BMEL Pressemitteilungen",
      "fetched": 50,
      "noise": 0,
      "seen": 49,
      "candidates": 1,
      "errors": []
    },
    "dehoga-berlin": {
      "name": "DEHOGA Berlin",
      "fetched": 10,
      "noise": 0,
      "seen": 10,
      "candidates": 0,
      "errors": []
    },
    "faz": {
      "name": "FAZ Aktuell",
      "fetched": 102,
      "noise": 0,
      "seen": 15,
      "candidates": 87,
      "errors": []
    },
    "manager-magazin": {
      "name": "Manager Magazin",
      "fetched": 30,
      "noise": 0,
      "seen": 9,
      "candidates": 21,
      "errors": []
    },
    "politico-eu": {
      "name": "Politico EU",
      "fetched": 10,
      "noise": 0,
      "seen": 0,
      "candidates": 10,
      "errors": []
    },
    "scmp": {
      "name": "South China Morning Post",
      "fetched": 50,
      "noise": 0,
      "seen": 0,
      "candidates": 50,
      "errors": []
    },
    "spiegel": {
      "name": "Der Spiegel",
      "fetched": 30,
      "noise": 0,
      "seen": 0,
      "candidates": 30,
      "errors": []
    },
    "tagesschau-wirtschaft": {
      "name": "Tagesschau Wirtschaft",
      "fetched": 18,
      "noise": 0,
      "seen": 11,
      "candidates": 7,
      "errors": []
    },
    "wiwo": {
      "name": "WirtschaftsWoche",
      "fetched": 20,
      "noise": 0,
      "seen": 0,
      "candidates": 20,
      "errors": []
    },
    "ahgz-all": {
      "name": "AHGZ Allgemein",
      "fetched": 25,
      "noise": 0,
      "seen": 13,
      "candidates": 12,
      "errors": []
    },
    "ahgz-suppliers": {
      "name": "AHGZ Zulieferer",
      "fetched": 25,
      "noise": 0,
      "seen": 25,
      "candidates": 0,
      "errors": []
    },
    "dw-de": {
      "name": "Deutsche Welle (DE)",
      "fetched": 94,
      "noise": 0,
      "seen": 73,
      "candidates": 21,
      "errors": []
    },
    "dw-en": {
      "name": "Deutsche Welle (EN)",
      "fetched": 139,
      "noise": 0,
      "seen": 112,
      "candidates": 27,
      "errors": []
    },
    "ec-press": {
      "name": "European Commission Press",
      "fetched": 10,
      "noise": 0,
      "seen": 7,
      "candidates": 3,
      "errors": []
    },
    "efsa-press": {
      "name": "EFSA Press",
      "fetched": 10,
      "noise": 0,
      "seen": 10,
      "candidates": 0,
      "errors": []
    },
    "euobserver": {
      "name": "EUobserver",
      "fetched": 20,
      "noise": 0,
      "seen": 13,
      "candidates": 7,
      "errors": []
    },
    "tagesschau-all": {
      "name": "Tagesschau All",
      "fetched": 71,
      "noise": 0,
      "seen": 19,
      "candidates": 52,
      "errors": []
    },
    "wiwo-politik": {
      "name": "WiWo Politik",
      "fetched": 20,
      "noise": 0,
      "seen": 9,
      "candidates": 11,
      "errors": []
    },
    "zdf-wirtschaft": {
      "name": "ZDFheute Wirtschaft",
      "fetched": 76,
      "noise": 0,
      "seen": 61,
      "candidates": 15,
      "errors": []
    }
  },
  "kept_titles": [
    {
      "title": "Küchentrends: Warum Yannick Noack nah bei den Gästen kocht",
      "source_id": "ahgz-gastro",
      "score": 93,
      "bucket": "gastro_t1"
    },
    {
      "title": "Einschleppung des Japankäfers: BMLEH bittet Reisende um Vorsicht",
      "source_id": "bmel",
      "score": 88,
      "bucket": "gastro_t1"
    },
    {
      "title": "Ökonom Heinemann zu Reform-Beschlüssen: \"Dieses Paket hilft\"",
      "source_id": "tagesschau-wirtschaft",
      "score": 87,
      "bucket": "general_keyword"
    },
    {
      "title": "Wirtschaft vor acht vom 03.07.2026",
      "source_id": "tagesschau-wirtschaft",
      "score": 87,
      "bucket": "general_keyword"
    },
    {
      "title": "Update Wirtschaft vom 03.07.2026",
      "source_id": "tagesschau-wirtschaft",
      "score": 87,
      "bucket": "general_keyword"
    },
    {
      "title": "Massenproteste gegen Sparpläne bei Mercedes-Benz",
      "source_id": "tagesschau-wirtschaft",
      "score": 87,
      "bucket": "general_other"
    },
    {
      "title": "IG Metall kündigt \"heißen Sommer\" für die Autobranche an",
      "source_id": "tagesschau-wirtschaft",
      "score": 87,
      "bucket": "general_other"
    },
    {
      "title": "Deutsche E-Auto-Förderung hilft stark chinesischen Herstellern",
      "source_id": "tagesschau-wirtschaft",
      "score": 87,
      "bucket": "general_other"
    },
    {
      "title": "Wertvollste Börsenkonzerne: Nur Siemens schafft es in die Top 100",
      "source_id": "tagesschau-wirtschaft",
      "score": 87,
      "bucket": "general_other"
    },
    {
      "title": "Übernahme: Verkauf des ehemaligen Dorint-Hotels am Stausee Bitburg gescheitert?",
      "source_id": "ahgz-all",
      "score": 80,
      "bucket": "gastro_t1"
    },
    {
      "title": "Nach Insolvenz: 15,8 Millionen Euro für fünf Revo-Häuser",
      "source_id": "ahgz-all",
      "score": 80,
      "bucket": "gastro_t1"
    },
    {
      "title": "Leitung: Neuer Generaldirektor im Hyatt Regency Mainz",
      "source_id": "ahgz-all",
      "score": 80,
      "bucket": "gastro_t1"
    },
    {
      "title": "Nach Entlassungswelle in Mainz: Novum Hospitality wehrt sich gegen Entlassungs-Vorwürfe",
      "source_id": "ahgz-all",
      "score": 80,
      "bucket": "gastro_t1"
    },
    {
      "title": "Politik: Diese Punkte enthält das Reformpaket der Regierungsparteien",
      "source_id": "ahgz-all",
      "score": 80,
      "bucket": "gastro_t1"
    },
    {
      "title": "Betreiberwechsel: 1912 Hotels übernimmt Hotel Steffisalp am Arlberg",
      "source_id": "ahgz-all",
      "score": 80,
      "bucket": "gastro_t1"
    },
    {
      "title": "Wechsel: Neubestzungen im La Maison Hotel & Spa in Saarlouis",
      "source_id": "ahgz-all",
      "score": 80,
      "bucket": "gastro_t1"
    },
    {
      "title": "Neupositionierung: Bristol Berlin wird Teil der Vignette Collection",
      "source_id": "ahgz-all",
      "score": 80,
      "bucket": "gastro_t1"
    },
    {
      "title": "Ratgeber: Checkliste für die Vorbereitungsphase der Nachfolge",
      "source_id": "ahgz-all",
      "score": 80,
      "bucket": "gastro_t1"
    },
    {
      "title": "Globales Portfolio: Tui Hotels & Resorts mit Überblick zu Neueröffnungen",
      "source_id": "ahgz-all",
      "score": 80,
      "bucket": "gastro_t1"
    },
    {
      "title": "Dehoga Bundesverband: „Die wirtschaftliche Lage hält mich wach“",
      "source_id": "ahgz-all",
      "score": 80,
      "bucket": "gastro_t1"
    },
    {
      "title": "Küchentrends: Warum Yannick Noack nah bei den Gästen kocht",
      "source_id": "ahgz-all",
      "score": 80,
      "bucket": "gastro_t1"
    },
    {
      "title": "Peru: Wahlkommission bestätigt Keiko Fujimori als Präsidentin",
      "source_id": "spiegel",
      "score": 80,
      "bucket": "general_keyword"
    },
    {
      "title": "Syrien: Zehn Tote und 21 Verletzte bei Bombenanschlag in Café in Damaskus",
      "source_id": "spiegel",
      "score": 80,
      "bucket": "general_keyword"
    },
    {
      "title": "WM 2026 News heute: Australiens Torhüter wussten nichts vom Wechselmanöver ihres Trainers",
      "source_id": "spiegel",
      "score": 80,
      "bucket": "general_other"
    },
    {
      "title": "F.A.Z.-Serie Schneller Schlau: Wie ein Wirtschaftsstreit die USA entstehen ließ",
      "source_id": "faz",
      "score": 76,
      "bucket": "general_keyword"
    }
  ],
  "dropped_titles": [
    {
      "title": "Erdbeben in Venezuela: »Wir können in solch einer Situation nicht den ganzen Trümmerberg durchsuchen«",
      "source_id": "spiegel",
      "score": 80,
      "bucket": "general_other"
    },
    {
      "title": "Taylor Swift und Travis Kelce sind jetzt verheiratet",
      "source_id": "spiegel",
      "score": 80,
      "bucket": "general_other"
    },
    {
      "title": "WM 2026: Argentinien wankt – Kap Verde verpasst Sensation nur knapp",
      "source_id": "spiegel",
      "score": 80,
      "bucket": "general_other"
    },
    {
      "title": "Stuttgarter Großmarkt steht in Flammen",
      "source_id": "spiegel",
      "score": 80,
      "bucket": "general_other"
    },
    {
      "title": "AfD-Parteitagin Erfurt: Thüringer Gericht kippt Versammlungsverbot",
      "source_id": "spiegel",
      "score": 80,
      "bucket": "general_other"
    },
    {
      "title": "WM 2026 live: Drei Erkenntnisse aus Argentinien - Kap Verde",
      "source_id": "spiegel",
      "score": 80,
      "bucket": "general_other"
    },
    {
      "title": "»Wildwuchs« bei Videosprechstunden stoppen – dafür Telefon-Krankschreibung beibehalten",
      "source_id": "spiegel",
      "score": 80,
      "bucket": "general_other"
    },
    {
      "title": "DFB: Jürgen Klopp will Bundestrainer werden",
      "source_id": "spiegel",
      "score": 80,
      "bucket": "general_other"
    },
    {
      "title": "WM 2026: Ägypten vs Australien: To Beach or not to Beach",
      "source_id": "spiegel",
      "score": 80,
      "bucket": "general_other"
    },
    {
      "title": "New York City: Taylor Swift und Travis Kelce sind verheiratet – Die größte Hochzeit des Jahres",
      "source_id": "spiegel",
      "score": 80,
      "bucket": "general_other"
    },
    {
      "title": "Donald Trump und 250. Geburtstag der USA: Papst Leo würdigt Rolle der Einwanderer",
      "source_id": "spiegel",
      "score": 80,
      "bucket": "general_other"
    },
    {
      "title": "WM 2026 Live: Ägypten besiegt Australien im Elfmeterschießen",
      "source_id": "spiegel",
      "score": 80,
      "bucket": "general_other"
    },
    {
      "title": "250 Jahre USA: Was sagen die Nachfahren der Gründerväter heute?",
      "source_id": "spiegel",
      "score": 80,
      "bucket": "general_other"
    },
    {
      "title": "König Charles hasst Fußball - behauptet zumindest sein Sohn, Prince William",
      "source_id": "spiegel",
      "score": 80,
      "bucket": "general_other"
    },
    {
      "title": "Nato-Gipfel in der Türkei: Die Erdoğan-Show, die niemand stören soll",
      "source_id": "spiegel",
      "score": 80,
      "bucket": "general_other"
    },
    {
      "title": "Russland-Ukraine-Krieg: Stromausfälle auf Krim nach ukrainischen Angriffen",
      "source_id": "spiegel",
      "score": 80,
      "bucket": "general_other"
    },
    {
      "title": "Donald Trump am Mount Rushmore: Rede und Feuerwerk zum Jubiläum der Unabhängigkeit",
      "source_id": "spiegel",
      "score": 80,
      "bucket": "general_other"
    },
    {
      "title": "Iran: Beginn der Trauerfeierlichkeiten für Ajatollah Ali Khamenei",
      "source_id": "spiegel",
      "score": 80,
      "bucket": "general_other"
    },
    {
      "title": "Litauen will Atomwaffen stationieren – Merz respektiert das",
      "source_id": "spiegel",
      "score": 80,
      "bucket": "general_other"
    },
    {
      "title": "»Silo« bei Apple TV: Eine Serie mit so viel Tiefe, dass es einem den Atem raubt",
      "source_id": "spiegel",
      "score": 80,
      "bucket": "general_other"
    },
    {
      "title": "Wimbledon: Jan-Lennard Struff erreicht erstmals das Achtelfinale",
      "source_id": "spiegel",
      "score": 80,
      "bucket": "general_other"
    },
    {
      "title": "Autofahrer attackiert Feuerwehrmann – mutmaßlich wegen gesperrter Straße",
      "source_id": "spiegel",
      "score": 80,
      "bucket": "general_other"
    },
    {
      "title": "Wladimir Kramnik: Schach-Weltverband sperrt Ex-Weltmeister wegen psychischer Gewalt",
      "source_id": "spiegel",
      "score": 80,
      "bucket": "general_other"
    },
    {
      "title": "Donald Trump und die EU: Welche Rolle Irland bei der Ratspräsidentschaft spielt",
      "source_id": "spiegel",
      "score": 80,
      "bucket": "general_other"
    },
    {
      "title": "Nordirland: Freispruch im Mordprozess um getötete Journalistin Lyra McKee",
      "source_id": "spiegel",
      "score": 80,
      "bucket": "general_other"
    },
    {
      "title": "Spanien: Erneute Hitzewelle mit Temperaturen über 40 Grad erwartet",
      "source_id": "spiegel",
      "score": 80,
      "bucket": "general_other"
    },
    {
      "title": "Mann tritt Opfer gegen Kopf – vier Jahre Haft",
      "source_id": "spiegel",
      "score": 80,
      "bucket": "general_other"
    },
    {
      "title": "Liveblog Fußball-WM 2026: Prinz William enthüllt: „Mein Vater hasst Fußball“",
      "source_id": "faz",
      "score": 76,
      "bucket": "general_keyword"
    },
    {
      "title": "Offener Brief: Piusbruderschaft kritisiert Exkommunikationen als „ungerecht und ungültig“",
      "source_id": "faz",
      "score": 76,
      "bucket": "general_keyword"
    },
    {
      "title": "Konzertsaal in Évian: Die Baukosten sind Privatsache",
      "source_id": "faz",
      "score": 76,
      "bucket": "general_keyword"
    },
    {
      "title": "Umberto Ecos Bücherschatz: Umberto-Eco-Bibliothek in Bologna eröffnet",
      "source_id": "faz",
      "score": 76,
      "bucket": "general_keyword"
    },
    {
      "title": "Nach Ausbruch: Sechs Tiger aus Sachsen in Spanien angekommen",
      "source_id": "faz",
      "score": 76,
      "bucket": "general_keyword"
    },
    {
      "title": "Urteil in Stuttgart: Tagesvater wegen Missbrauchs zu langer Haftstrafe verurteilt",
      "source_id": "faz",
      "score": 76,
      "bucket": "general_keyword"
    },
    {
      "title": "Gewerbsmässiger Betrug: Freiheitsstrafe für Frankfurter Kommunalpolitiker",
      "source_id": "faz",
      "score": 76,
      "bucket": "general_keyword"
    },
    {
      "title": "250 Jahre Amerika: Was gibt es da zu feiern?",
      "source_id": "faz",
      "score": 76,
      "bucket": "general_other"
    },
    {
      "title": "250 Jahre Vereinigte Staaten: Erbarmen, die Hessen kommen",
      "source_id": "faz",
      "score": 76,
      "bucket": "general_other"
    },
    {
      "title": "WM-Krimi: Argentinien braucht Verlängerung gegen Kap Verde",
      "source_id": "faz",
      "score": 76,
      "bucket": "general_other"
    },
    {
      "title": "DFB-Team nach WM-Aus: Klopp: „Wir müssen Dinge jetzt grundlegend ändern“",
      "source_id": "faz",
      "score": 76,
      "bucket": "general_other"
    },
    {
      "title": "Liveblog Ukrainekrieg: Mindestens zehn Tote bei russischen Angriffen auf Sumy und den Süden",
      "source_id": "faz",
      "score": 76,
      "bucket": "general_other"
    },
    {
      "title": "Afghanistan-Abschiebungen: Herr Tofan wird zum Präzedenzfall",
      "source_id": "faz",
      "score": 76,
      "bucket": "general_other"
    },
    {
      "title": "Haushaltsentwurf: Klingbeil plant mit 839 Milliarden Euro neuen Schulden bis 2030",
      "source_id": "faz",
      "score": 76,
      "bucket": "general_other"
    },
    {
      "title": "Deutschland-Liveblog: Umfrage: 67 Prozent Zustimmung für höhere Reichensteuer",
      "source_id": "faz",
      "score": 76,
      "bucket": "general_other"
    },
    {
      "title": "Debatte um Reformpaket: So großzügig ist Deutschland mit Krankschreibungen",
      "source_id": "faz",
      "score": 76,
      "bucket": "general_other"
    },
    {
      "title": "Familienpolitik der Afd: Wo sollen die „Kinder für den Erhalt des Staatsvolks“ herkommen?",
      "source_id": "faz",
      "score": 76,
      "bucket": "general_other"
    },
    {
      "title": "Reform oder Nicht-Reform: Die Steuer-Mogelpackung",
      "source_id": "faz",
      "score": 76,
      "bucket": "general_other"
    },
    {
      "title": "Mercedes-Sparprogramm: Die unausweichliche Provokation",
      "source_id": "faz",
      "score": 76,
      "bucket": "general_other"
    },
    {
      "title": "AfD-Parteitag: Demo ist demokratisch, Blockade ist es nicht",
      "source_id": "faz",
      "score": 76,
      "bucket": "general_other"
    },
    {
      "title": "Nagelsmanns Nachfolge: Experte mit Ego",
      "source_id": "faz",
      "score": 76,
      "bucket": "general_other"
    },
    {
      "title": "Hilfe für die Ukraine: Europa hat sein Schicksal nun selbst in der Hand",
      "source_id": "faz",
      "score": 76,
      "bucket": "general_other"
    },
    {
      "title": "Militär und Forschung: Ran an die Zivilklausel!",
      "source_id": "faz",
      "score": 76,
      "bucket": "general_other"
    }
  ]
}