{
  "timestamp": "2026-06-23T04:00:14+00:00",
  "caps": {
    "HARVEST_CAP": 25,
    "KEYWORD_KEEP": 10,
    "GENERAL_KEEP": 5
  },
  "buckets": {
    "gastro_t1": {
      "total": 16,
      "kept": 15
    },
    "gastro_t2": {
      "total": 8,
      "kept": 0
    },
    "general_keyword": {
      "total": 26,
      "kept": 5
    },
    "general_other": {
      "total": 323,
      "kept": 5
    }
  },
  "totals": {
    "kept": 25,
    "dropped": 339
  },
  "per_source": {
    "ahgz-gastro": {
      "name": "AHGZ Gastronomie",
      "fetched": 25,
      "noise": 0,
      "seen": 23,
      "candidates": 2,
      "errors": []
    },
    "bmel": {
      "name": "BMEL Pressemitteilungen",
      "fetched": 50,
      "noise": 0,
      "seen": 50,
      "candidates": 0,
      "errors": []
    },
    "dehoga-berlin": {
      "name": "DEHOGA Berlin",
      "fetched": 10,
      "noise": 0,
      "seen": 9,
      "candidates": 1,
      "errors": []
    },
    "faz": {
      "name": "FAZ Aktuell",
      "fetched": 102,
      "noise": 0,
      "seen": 24,
      "candidates": 78,
      "errors": []
    },
    "manager-magazin": {
      "name": "Manager Magazin",
      "fetched": 28,
      "noise": 0,
      "seen": 8,
      "candidates": 20,
      "errors": []
    },
    "politico-eu": {
      "name": "Politico EU",
      "fetched": 10,
      "noise": 0,
      "seen": 0,
      "candidates": 10,
      "errors": []
    },
    "scmp": {
      "name": "South China Morning Post",
      "fetched": 50,
      "noise": 0,
      "seen": 0,
      "candidates": 50,
      "errors": []
    },
    "spiegel": {
      "name": "Der Spiegel",
      "fetched": 30,
      "noise": 0,
      "seen": 0,
      "candidates": 30,
      "errors": []
    },
    "tagesschau-wirtschaft": {
      "name": "Tagesschau Wirtschaft",
      "fetched": 23,
      "noise": 0,
      "seen": 13,
      "candidates": 10,
      "errors": []
    },
    "wiwo": {
      "name": "WirtschaftsWoche",
      "fetched": 20,
      "noise": 0,
      "seen": 0,
      "candidates": 20,
      "errors": []
    },
    "ahgz-all": {
      "name": "AHGZ Allgemein",
      "fetched": 25,
      "noise": 0,
      "seen": 13,
      "candidates": 12,
      "errors": []
    },
    "ahgz-suppliers": {
      "name": "AHGZ Zulieferer",
      "fetched": 25,
      "noise": 0,
      "seen": 24,
      "candidates": 1,
      "errors": []
    },
    "dw-de": {
      "name": "Deutsche Welle (DE)",
      "fetched": 82,
      "noise": 0,
      "seen": 65,
      "candidates": 17,
      "errors": []
    },
    "dw-en": {
      "name": "Deutsche Welle (EN)",
      "fetched": 145,
      "noise": 0,
      "seen": 126,
      "candidates": 19,
      "errors": []
    },
    "ec-press": {
      "name": "European Commission Press",
      "fetched": 10,
      "noise": 0,
      "seen": 2,
      "candidates": 8,
      "errors": []
    },
    "efsa-press": {
      "name": "EFSA Press",
      "fetched": 10,
      "noise": 0,
      "seen": 10,
      "candidates": 0,
      "errors": []
    },
    "euobserver": {
      "name": "EUobserver",
      "fetched": 20,
      "noise": 0,
      "seen": 11,
      "candidates": 9,
      "errors": []
    },
    "tagesschau-all": {
      "name": "Tagesschau All",
      "fetched": 79,
      "noise": 0,
      "seen": 22,
      "candidates": 57,
      "errors": []
    },
    "wiwo-politik": {
      "name": "WiWo Politik",
      "fetched": 20,
      "noise": 0,
      "seen": 6,
      "candidates": 14,
      "errors": []
    },
    "zdf-wirtschaft": {
      "name": "ZDFheute Wirtschaft",
      "fetched": 73,
      "noise": 0,
      "seen": 58,
      "candidates": 15,
      "errors": []
    }
  },
  "kept_titles": [
    {
      "title": "Die Talente von morgen schon heute entdecken – Praktikumswoche Berlin",
      "source_id": "dehoga-berlin",
      "score": 100,
      "bucket": "gastro_t1"
    },
    {
      "title": "Mehrwertsteuersenkung auf Speisen: Wirtschaftsweise fordert Rückkehr zu 19 Prozent",
      "source_id": "ahgz-gastro",
      "score": 93,
      "bucket": "gastro_t1"
    },
    {
      "title": "München: Barkultur seit mehr als 50 Jahren",
      "source_id": "ahgz-gastro",
      "score": 93,
      "bucket": "gastro_t1"
    },
    {
      "title": "Ex-US-Notenbanker Alan Greenspan stirbt mit 100 Jahren",
      "source_id": "tagesschau-wirtschaft",
      "score": 87,
      "bucket": "general_keyword"
    },
    {
      "title": "Update Wirtschaft vom 22.06.2026",
      "source_id": "tagesschau-wirtschaft",
      "score": 87,
      "bucket": "general_keyword"
    },
    {
      "title": "Diesel kostet weniger als vor Beginn des Iran-Kriegs",
      "source_id": "tagesschau-wirtschaft",
      "score": 87,
      "bucket": "general_other"
    },
    {
      "title": "Defizite in Milliardenhöhe: Kommunen warnen vor Finanzkollaps",
      "source_id": "tagesschau-wirtschaft",
      "score": 87,
      "bucket": "general_other"
    },
    {
      "title": "Bahn reagiert auf EU-Gesetz: Pommes im Bordbistro gestrichen",
      "source_id": "tagesschau-wirtschaft",
      "score": 87,
      "bucket": "general_other"
    },
    {
      "title": "Bundesregierung bestätigt Einstieg mit 40 Prozent bei KNDS",
      "source_id": "tagesschau-wirtschaft",
      "score": 87,
      "bucket": "general_other"
    },
    {
      "title": "Essener Baukonzern Hochtief steigt in den DAX auf",
      "source_id": "tagesschau-wirtschaft",
      "score": 87,
      "bucket": "general_other"
    },
    {
      "title": "Führungswechsel: Achat Hotel Braunschweig unter neuer Leitung",
      "source_id": "ahgz-all",
      "score": 80,
      "bucket": "gastro_t1"
    },
    {
      "title": "Strompreise im Gastgewerbe: Standort wird beim Strom zum Kostenfaktor",
      "source_id": "ahgz-all",
      "score": 80,
      "bucket": "gastro_t1"
    },
    {
      "title": "Erweiterung: Diese Strategie steckt hinter dem Umbau des Bodenmaiser Hof",
      "source_id": "ahgz-all",
      "score": 80,
      "bucket": "gastro_t1"
    },
    {
      "title": "Mehrwertsteuersenkung auf Speisen: Wirtschaftsweise fordert Rückkehr zu 19 Prozent",
      "source_id": "ahgz-all",
      "score": 80,
      "bucket": "gastro_t1"
    },
    {
      "title": "Neue Hotels entstehen: Isrotel kündigt Expansion in Israel an",
      "source_id": "ahgz-all",
      "score": 80,
      "bucket": "gastro_t1"
    },
    {
      "title": "Bauausschuss: Kannewischer entwickelt Hotel in Bad Nauheim",
      "source_id": "ahgz-all",
      "score": 80,
      "bucket": "gastro_t1"
    },
    {
      "title": "Porträt: Junger Gründer und Hotelier expandiert mit KI und unkonventionellen Ideen",
      "source_id": "ahgz-all",
      "score": 80,
      "bucket": "gastro_t1"
    },
    {
      "title": "Interior Design: Umbau im The Europe Hotel& Resort bei laufendem Betrieb",
      "source_id": "ahgz-all",
      "score": 80,
      "bucket": "gastro_t1"
    },
    {
      "title": "Märkte: Primestar Group expandiert in Polen",
      "source_id": "ahgz-all",
      "score": 80,
      "bucket": "gastro_t1"
    },
    {
      "title": "München: Barkultur seit mehr als 50 Jahren",
      "source_id": "ahgz-all",
      "score": 80,
      "bucket": "gastro_t1"
    },
    {
      "title": "ANZEIGE zippsafe: Personalumkleiden auf 5-Sterne Niveau",
      "source_id": "ahgz-all",
      "score": 80,
      "bucket": "gastro_t1"
    },
    {
      "title": "Wiedereröffnung: So agiert das Hotel Klosterbräu nach Brand",
      "source_id": "ahgz-all",
      "score": 80,
      "bucket": "gastro_t1"
    },
    {
      "title": "Fitness: So findet Ihr Kind den richtigen Sport",
      "source_id": "spiegel",
      "score": 80,
      "bucket": "general_keyword"
    },
    {
      "title": "Gregor Gysi: 7200 Euro für einen Auftritt – der Linkenpolitiker ist mit seinen Reden einer der Großverdiener im Bundestag",
      "source_id": "spiegel",
      "score": 80,
      "bucket": "general_keyword"
    },
    {
      "title": "Hanks Welt: Wie sich die heutigen Superreichen von ihren Vorgängern unterscheiden",
      "source_id": "faz",
      "score": 76,
      "bucket": "general_keyword"
    }
  ],
  "dropped_titles": [
    {
      "title": "Opposition und Gewerkschaften kritisieren Vorschläge der Rentenkommission",
      "source_id": "tagesschau-wirtschaft",
      "score": 87,
      "bucket": "general_other"
    },
    {
      "title": "Mehr Geld und Lebensqualität? Viele Deutsche sehnen sich nach Auslandsjob",
      "source_id": "tagesschau-wirtschaft",
      "score": 87,
      "bucket": "general_other"
    },
    {
      "title": "Marktbericht: DAX wieder über 25.000 Punkten",
      "source_id": "tagesschau-wirtschaft",
      "score": 87,
      "bucket": "general_other"
    },
    {
      "title": "News: Nina Warken, Gesundheitsreform, Angriff auf Schule in Minab, 10 Jahre Brexit-Referendum",
      "source_id": "spiegel",
      "score": 80,
      "bucket": "general_other"
    },
    {
      "title": "WM 2026 Live: Erling Haaland schießt Norwegen fast im Alleingang vorzeitig in die K.-o.-Runde",
      "source_id": "spiegel",
      "score": 80,
      "bucket": "general_other"
    },
    {
      "title": "Sport bei Hitze: Wie ihr Körper vom Training im heißen Sommer profitieren kann",
      "source_id": "spiegel",
      "score": 80,
      "bucket": "general_other"
    },
    {
      "title": "Diebe verursachen Rekordschaden für Einzelhandel in Deutschland",
      "source_id": "spiegel",
      "score": 80,
      "bucket": "general_other"
    },
    {
      "title": "Hitze-Welle in Deutschland: Münchner sollen wegen aktueller Wetter-Lage Wasser sparen",
      "source_id": "spiegel",
      "score": 80,
      "bucket": "general_other"
    },
    {
      "title": "Tesla: US-Behörde untersucht Rolle von Fahrassistenz bei tödlichem Unfall in Texas",
      "source_id": "spiegel",
      "score": 80,
      "bucket": "general_other"
    },
    {
      "title": "WM 2026: Kylian Mbappé bleibt Lionel Messi trotz Regen-Pause auf den Fersen",
      "source_id": "spiegel",
      "score": 80,
      "bucket": "general_other"
    },
    {
      "title": "US-Gericht stoppt zentrales Tool von Trumps Wahlrechtsagenda",
      "source_id": "spiegel",
      "score": 80,
      "bucket": "general_other"
    },
    {
      "title": "WM 2026 Live: Drei Erkenntnisse aus der längsten Halbzeit der WM",
      "source_id": "spiegel",
      "score": 80,
      "bucket": "general_other"
    },
    {
      "title": "Tucker Carlson will US-Republikaner nicht mehr unterstützen - Streit mit Donald Trump über Iran-Krieg",
      "source_id": "spiegel",
      "score": 80,
      "bucket": "general_other"
    },
    {
      "title": "Taliban bekommen Visa für Belgien um über Abschiebungen nach Afghanistan zu sprechen",
      "source_id": "spiegel",
      "score": 80,
      "bucket": "general_other"
    },
    {
      "title": "Rumänien: Keine Mehrheit im Parlament – Regierungsbildung gescheitert",
      "source_id": "spiegel",
      "score": 80,
      "bucket": "general_other"
    },
    {
      "title": "Tim Walz: Bundesrichter stoppt Ermittlungen gegen Trump-Gegner",
      "source_id": "spiegel",
      "score": 80,
      "bucket": "general_other"
    },
    {
      "title": "Montréal: Drei Tote nach Schusswaffenvorfall nahe jüdischem Zentrum",
      "source_id": "spiegel",
      "score": 80,
      "bucket": "general_other"
    },
    {
      "title": "WM 2026: Lionel Messi vergibt Elfmeter und knackt doch den WM-Torrekord",
      "source_id": "spiegel",
      "score": 80,
      "bucket": "general_other"
    },
    {
      "title": "Baden-Württemberg: Lkw mit entzündlicher Ladung legt A8 lahm",
      "source_id": "spiegel",
      "score": 80,
      "bucket": "general_other"
    },
    {
      "title": "Papst Leo XIV.: Pontifex erhält Freiheitsmedaille in Philadelphia",
      "source_id": "spiegel",
      "score": 80,
      "bucket": "general_other"
    },
    {
      "title": "Giorgia Meloni: Warum der Streit mit Donald Trump erneut eskaliert",
      "source_id": "spiegel",
      "score": 80,
      "bucket": "general_other"
    },
    {
      "title": "Nordrhein-Westfalen: Polizei holt Schildkröte von Autobahn",
      "source_id": "spiegel",
      "score": 80,
      "bucket": "general_other"
    },
    {
      "title": "Sexualisierte Gewalt: EU verschärft Regeln gegen Kindesmissbrauch im Netz",
      "source_id": "spiegel",
      "score": 80,
      "bucket": "general_other"
    },
    {
      "title": "WM 2026: Lionel Messi überholt Miroslav Klose als WM-Rekordtorschütze",
      "source_id": "spiegel",
      "score": 80,
      "bucket": "general_other"
    },
    {
      "title": "Halle (Saale): Strandbad verweigert Gästen ohne Deutschkenntnisse den Zutritt – ist das erlaubt?",
      "source_id": "spiegel",
      "score": 80,
      "bucket": "general_other"
    },
    {
      "title": "RWE strebt Mehrheit an Übertragungsnetzbetreiber Amprion an",
      "source_id": "spiegel",
      "score": 80,
      "bucket": "general_other"
    },
    {
      "title": "Donald Trump: Scott Bessent soll vor dem Präsidenten über Wolodymyr Selenskyj gelästert haben",
      "source_id": "spiegel",
      "score": 80,
      "bucket": "general_other"
    },
    {
      "title": "Neuer Linkenchef Luigi Pantisano über CDU und Faschismus: Ahistorisch, unklug und gefährlich",
      "source_id": "spiegel",
      "score": 80,
      "bucket": "general_other"
    },
    {
      "title": "Clive Davis: Legendärer Musikproduzent mit 94 Jahren gestorben",
      "source_id": "spiegel",
      "score": 80,
      "bucket": "general_other"
    },
    {
      "title": "Vorurteile im Fußball: Die »Wilden« waren wir Deutschen",
      "source_id": "spiegel",
      "score": 80,
      "bucket": "general_other"
    },
    {
      "title": "Berlin: Woher hat eine 45-Jährige das Geld für 58 mutmaßliche Clanimmobilien?",
      "source_id": "spiegel",
      "score": 80,
      "bucket": "general_other"
    },
    {
      "title": "Rhein-Main-Feierabendbriefing: Frankfurts Drogenszene: Wirtschaftlicher Schaden im Bahnhofsviertel wächst",
      "source_id": "faz",
      "score": 76,
      "bucket": "general_keyword"
    },
    {
      "title": "Preisverfall trotz WM: Warum Schweinefleisch mitten in der Grillsaison so billig ist",
      "source_id": "faz",
      "score": 76,
      "bucket": "general_keyword"
    },
    {
      "title": "Letzte Auktion bei Neumeister: Noch sind Hopfen und Malz nicht verloren",
      "source_id": "faz",
      "score": 76,
      "bucket": "general_keyword"
    },
    {
      "title": "USA unter Trump: US-Gericht stoppt zentrales Tool von Trumps Wahlrechtsagenda",
      "source_id": "faz",
      "score": 76,
      "bucket": "general_other"
    },
    {
      "title": "2:0 gegen Österreich: Die Denkmalfabrik Messi produziert auf Hochtouren",
      "source_id": "faz",
      "score": 76,
      "bucket": "general_other"
    },
    {
      "title": "Zehn Jahre Brexit-Entscheid: Die EU spricht immer noch Englisch, aber nicht gut",
      "source_id": "faz",
      "score": 76,
      "bucket": "general_other"
    },
    {
      "title": "Omega-Wetterlage: Es bleibt vorerst rekordverdächtig heiß",
      "source_id": "faz",
      "score": 76,
      "bucket": "general_other"
    },
    {
      "title": "WM: Wetter-Chaos und Mbappé-Gala – Frankreich schlägt Irak",
      "source_id": "faz",
      "score": 76,
      "bucket": "general_other"
    },
    {
      "title": "Beschwerde von ARD und ZDF: Wird das Verfassungsgericht den Rundfunkbeitrag erhöhen?",
      "source_id": "faz",
      "score": 76,
      "bucket": "general_other"
    },
    {
      "title": "Liveblog Fußball-WM 2026: Zehntausende Fans müssen wegen Gewitter Stadionplätze verlassen",
      "source_id": "faz",
      "score": 76,
      "bucket": "general_other"
    },
    {
      "title": "kuriose WM-Stories (11): Reif für die Rente",
      "source_id": "faz",
      "score": 76,
      "bucket": "general_other"
    },
    {
      "title": "WM-aus für schlotterbeck: Der nächste Rückschlag für das DFB-Team",
      "source_id": "faz",
      "score": 76,
      "bucket": "general_other"
    },
    {
      "title": "Eurobike: Schlappe für Frankfurt",
      "source_id": "faz",
      "score": 76,
      "bucket": "general_other"
    },
    {
      "title": "WM-Abreise wegen Geburt?: Schon die Diskussion ist falsch",
      "source_id": "faz",
      "score": 76,
      "bucket": "general_other"
    },
    {
      "title": "Umstrittene Fahrradmesse: Eurobike am Ende",
      "source_id": "faz",
      "score": 76,
      "bucket": "general_other"
    },
    {
      "title": "Bund steigt bei KNDS ein: Panzer sind keine Prestigeobjekte",
      "source_id": "faz",
      "score": 76,
      "bucket": "general_other"
    },
    {
      "title": "Skandal um neuen Chef der Linken: Sie nennen die CDU faschistisch",
      "source_id": "faz",
      "score": 76,
      "bucket": "general_other"
    },
    {
      "title": "Sanierung von Schulen: Hitzefrei ist kein Dauerzustand",
      "source_id": "faz",
      "score": 76,
      "bucket": "general_other"
    },
    {
      "title": "Klimawandel und Kernkraft: Die französischen Altreaktoren liefern",
      "source_id": "faz",
      "score": 76,
      "bucket": "general_other"
    }
  ]
}