{
  "timestamp": "2026-06-17T04:00:12+00:00",
  "caps": {
    "HARVEST_CAP": 25,
    "KEYWORD_KEEP": 10,
    "GENERAL_KEEP": 5
  },
  "buckets": {
    "gastro_t1": {
      "total": 16,
      "kept": 16
    },
    "gastro_t2": {
      "total": 9,
      "kept": 0
    },
    "general_keyword": {
      "total": 24,
      "kept": 4
    },
    "general_other": {
      "total": 337,
      "kept": 5
    }
  },
  "totals": {
    "kept": 25,
    "dropped": 355
  },
  "per_source": {
    "ahgz-gastro": {
      "name": "AHGZ Gastronomie",
      "fetched": 25,
      "noise": 0,
      "seen": 23,
      "candidates": 2,
      "errors": []
    },
    "bmel": {
      "name": "BMEL Pressemitteilungen",
      "fetched": 50,
      "noise": 0,
      "seen": 49,
      "candidates": 1,
      "errors": []
    },
    "dehoga-berlin": {
      "name": "DEHOGA Berlin",
      "fetched": 10,
      "noise": 0,
      "seen": 10,
      "candidates": 0,
      "errors": []
    },
    "faz": {
      "name": "FAZ Aktuell",
      "fetched": 103,
      "noise": 0,
      "seen": 16,
      "candidates": 87,
      "errors": []
    },
    "manager-magazin": {
      "name": "Manager Magazin",
      "fetched": 30,
      "noise": 0,
      "seen": 11,
      "candidates": 19,
      "errors": []
    },
    "politico-eu": {
      "name": "Politico EU",
      "fetched": 10,
      "noise": 0,
      "seen": 0,
      "candidates": 10,
      "errors": []
    },
    "scmp": {
      "name": "South China Morning Post",
      "fetched": 50,
      "noise": 0,
      "seen": 0,
      "candidates": 50,
      "errors": []
    },
    "spiegel": {
      "name": "Der Spiegel",
      "fetched": 30,
      "noise": 0,
      "seen": 0,
      "candidates": 30,
      "errors": []
    },
    "tagesschau-wirtschaft": {
      "name": "Tagesschau Wirtschaft",
      "fetched": 31,
      "noise": 0,
      "seen": 20,
      "candidates": 11,
      "errors": []
    },
    "wiwo": {
      "name": "WirtschaftsWoche",
      "fetched": 20,
      "noise": 0,
      "seen": 0,
      "candidates": 20,
      "errors": []
    },
    "ahgz-all": {
      "name": "AHGZ Allgemein",
      "fetched": 25,
      "noise": 0,
      "seen": 12,
      "candidates": 13,
      "errors": []
    },
    "ahgz-suppliers": {
      "name": "AHGZ Zulieferer",
      "fetched": 25,
      "noise": 0,
      "seen": 25,
      "candidates": 0,
      "errors": []
    },
    "dw-de": {
      "name": "Deutsche Welle (DE)",
      "fetched": 83,
      "noise": 0,
      "seen": 66,
      "candidates": 17,
      "errors": []
    },
    "dw-en": {
      "name": "Deutsche Welle (EN)",
      "fetched": 151,
      "noise": 0,
      "seen": 123,
      "candidates": 28,
      "errors": []
    },
    "ec-press": {
      "name": "European Commission Press",
      "fetched": 10,
      "noise": 0,
      "seen": 1,
      "candidates": 9,
      "errors": []
    },
    "efsa-press": {
      "name": "EFSA Press",
      "fetched": 10,
      "noise": 0,
      "seen": 10,
      "candidates": 0,
      "errors": []
    },
    "euobserver": {
      "name": "EUobserver",
      "fetched": 20,
      "noise": 0,
      "seen": 11,
      "candidates": 9,
      "errors": []
    },
    "tagesschau-all": {
      "name": "Tagesschau All",
      "fetched": 75,
      "noise": 0,
      "seen": 18,
      "candidates": 57,
      "errors": []
    },
    "wiwo-politik": {
      "name": "WiWo Politik",
      "fetched": 20,
      "noise": 0,
      "seen": 8,
      "candidates": 12,
      "errors": []
    },
    "zdf-wirtschaft": {
      "name": "ZDFheute Wirtschaft",
      "fetched": 77,
      "noise": 0,
      "seen": 66,
      "candidates": 11,
      "errors": []
    }
  },
  "kept_titles": [
    {
      "title": "Restaurantkritik : Zehn neue Bib Gourmands für Deutschland",
      "source_id": "ahgz-gastro",
      "score": 93,
      "bucket": "gastro_t1"
    },
    {
      "title": "Alkoholfreie Getränke in der Gastro: Alkoholfrei ist mehr als bloß Verzicht",
      "source_id": "ahgz-gastro",
      "score": 93,
      "bucket": "gastro_t1"
    },
    {
      "title": "Analyse der Stromnetzbetreiber - Rekordrenditen und massive Kritik",
      "source_id": "tagesschau-wirtschaft",
      "score": 87,
      "bucket": "general_keyword"
    },
    {
      "title": "Wirtschaft vor acht vom 16.06.2026",
      "source_id": "tagesschau-wirtschaft",
      "score": 87,
      "bucket": "general_keyword"
    },
    {
      "title": "Milliarden-Deal: SpaceX will KI-Startup kaufen",
      "source_id": "tagesschau-wirtschaft",
      "score": 87,
      "bucket": "general_other"
    },
    {
      "title": "Streit über UniCredit-Angebot für Commerzbank kurz vor Fristende",
      "source_id": "tagesschau-wirtschaft",
      "score": 87,
      "bucket": "general_other"
    },
    {
      "title": "Zahl der Sozialwohnungen auch 2025 wieder gesunken",
      "source_id": "tagesschau-wirtschaft",
      "score": 87,
      "bucket": "general_other"
    },
    {
      "title": "Spritpreise sinken in Richtung Vorkriegsniveau",
      "source_id": "tagesschau-wirtschaft",
      "score": 87,
      "bucket": "general_other"
    },
    {
      "title": "Abstimmung im EU-Parlament: Weg frei für Handelsdeal mit USA",
      "source_id": "tagesschau-wirtschaft",
      "score": 87,
      "bucket": "general_other"
    },
    {
      "title": "Asienreise: Rainer treibt Umsetzung der Agrarexportstrategie weiter voran",
      "source_id": "bmel",
      "score": 83,
      "bucket": "gastro_t1"
    },
    {
      "title": "Rahmenabkommen zum Ende des Iran-Krieg: In diesem Hotel wollen die USA und Iran unterschreiben",
      "source_id": "ahgz-all",
      "score": 80,
      "bucket": "gastro_t1"
    },
    {
      "title": "Nach Insolvenz : Art-Invest verpachtet frühere Revo-Hotels neu",
      "source_id": "ahgz-all",
      "score": 80,
      "bucket": "gastro_t1"
    },
    {
      "title": "Neuer Ländermarkt: Meininger startet in Barcelona",
      "source_id": "ahgz-all",
      "score": 80,
      "bucket": "gastro_t1"
    },
    {
      "title": "Ruby Frida Stockholm: Ruby Hotels startet in Skandinavien",
      "source_id": "ahgz-all",
      "score": 80,
      "bucket": "gastro_t1"
    },
    {
      "title": "Partnerschaft: Schlossgut Groß Schwansee kooperiert mit Spitzenkoch",
      "source_id": "ahgz-all",
      "score": 80,
      "bucket": "gastro_t1"
    },
    {
      "title": "Expansion: Radisson Collection kommt nach Frankfurt",
      "source_id": "ahgz-all",
      "score": 80,
      "bucket": "gastro_t1"
    },
    {
      "title": "Restaurantkritik : Zehn neue Bib Gourmands für Deutschland",
      "source_id": "ahgz-all",
      "score": 80,
      "bucket": "gastro_t1"
    },
    {
      "title": "Alkoholfreie Getränke in der Gastro: Alkoholfrei ist mehr als bloß Verzicht",
      "source_id": "ahgz-all",
      "score": 80,
      "bucket": "gastro_t1"
    },
    {
      "title": "Online-Plattform: Tripadvisor verkauft The Fork für 700 Millionen US-Dollar",
      "source_id": "ahgz-all",
      "score": 80,
      "bucket": "gastro_t1"
    },
    {
      "title": "Großes Gefälle: Nur knapp die Hälfte bekommt Urlaubsgeld",
      "source_id": "ahgz-all",
      "score": 80,
      "bucket": "gastro_t1"
    },
    {
      "title": "Kommentar: Nostalgie hilft nicht im Sommergeschäft",
      "source_id": "ahgz-all",
      "score": 80,
      "bucket": "gastro_t1"
    },
    {
      "title": "Nachfolge: Warum sich eine Strategie in der Nachfolge lohnt",
      "source_id": "ahgz-all",
      "score": 80,
      "bucket": "gastro_t1"
    },
    {
      "title": "American Innovation and Choice Online Act: Traveltech unterstützt US-Gesetz gegen Google & Co",
      "source_id": "ahgz-all",
      "score": 80,
      "bucket": "gastro_t1"
    },
    {
      "title": "News: Steuern auf Tabak, Alkohol und Zucker, Antisemitismus-Bericht, G7-Gipfel in Évian",
      "source_id": "spiegel",
      "score": 80,
      "bucket": "general_keyword"
    },
    {
      "title": "Pizza Hut: Fast-Food-Kette wird verkauft",
      "source_id": "spiegel",
      "score": 80,
      "bucket": "general_keyword"
    }
  ],
  "dropped_titles": [
    {
      "title": "Klamme Kommunen - eine Gefahr für die Demokratie?",
      "source_id": "tagesschau-wirtschaft",
      "score": 87,
      "bucket": "general_other"
    },
    {
      "title": "Tschechische Regierung spart beim öffentlich-rechtlichen Rundfunk",
      "source_id": "tagesschau-wirtschaft",
      "score": 87,
      "bucket": "general_other"
    },
    {
      "title": "Marktbericht: Iran-Deal zieht nicht mehr",
      "source_id": "tagesschau-wirtschaft",
      "score": 87,
      "bucket": "general_other"
    },
    {
      "title": "Bundesverfassungsgericht verhandelt zu Abschaffung der Stoffstrombilanzverordnung",
      "source_id": "tagesschau-wirtschaft",
      "score": 82,
      "bucket": "general_other"
    },
    {
      "title": "Steuererklärung: Mit diesen fünf Posten sparen Sie spürbar Geld",
      "source_id": "spiegel",
      "score": 80,
      "bucket": "general_other"
    },
    {
      "title": "Steuererklärung: Mit einem Klick zur Erklärung – so funktioniert das neue Verfahren",
      "source_id": "spiegel",
      "score": 80,
      "bucket": "general_other"
    },
    {
      "title": "WM 2026 News heute: Lionel Messi stellt mit Hattrick WM-Torrekord von Miroslav Klose ein",
      "source_id": "spiegel",
      "score": 80,
      "bucket": "general_other"
    },
    {
      "title": "Fünf Männer wegen Anschlagsplänen auf Donald Trumps Geburtstagsparty festgenommen",
      "source_id": "spiegel",
      "score": 80,
      "bucket": "general_other"
    },
    {
      "title": "Fußball-WM 2026 Live: Lionel Messi zieht mit Rekordtorschütze Miroslav Klose gleich",
      "source_id": "spiegel",
      "score": 80,
      "bucket": "general_other"
    },
    {
      "title": "Donald Trump: Offenbar fließt doch Steuergeld in den Ballsaal und der US-Präsident soll davon gewusst haben",
      "source_id": "spiegel",
      "score": 80,
      "bucket": "general_other"
    },
    {
      "title": "Bundeswehr plant mehr Projekte mit Tierversuchen",
      "source_id": "spiegel",
      "score": 80,
      "bucket": "general_other"
    },
    {
      "title": "Sohn von Brasiliens Ex-Präsident Bolsonaro zu Haftstrafe verurteilt",
      "source_id": "spiegel",
      "score": 80,
      "bucket": "general_other"
    },
    {
      "title": "G7 erhöhen Druck auf Russland mit neuen Sanktionen",
      "source_id": "spiegel",
      "score": 80,
      "bucket": "general_other"
    },
    {
      "title": "Fußball-WM: Adidas geht das V für DFB-Fan-Trikots aus",
      "source_id": "spiegel",
      "score": 80,
      "bucket": "general_other"
    },
    {
      "title": "Göttingen: 16-Jähriger stellt sich nach Schuss auf Polizisten",
      "source_id": "spiegel",
      "score": 80,
      "bucket": "general_other"
    },
    {
      "title": "Tödlicher Sturz von Brücke in Brasilien: Rätsel um verschwundene Kamera",
      "source_id": "spiegel",
      "score": 80,
      "bucket": "general_other"
    },
    {
      "title": "Boris Pistorius: Aktionsplan Drohnen soll Abwehr der Bundeswehr stärken",
      "source_id": "spiegel",
      "score": 80,
      "bucket": "general_other"
    },
    {
      "title": "Fußball-WM 2026: Michael Olise und Kylian Mbappé führen Frankreich zu Auftaktsieg",
      "source_id": "spiegel",
      "score": 80,
      "bucket": "general_other"
    },
    {
      "title": "G7-Gipfel in Évian: Merz setzt auf gemeinsames Vorgehen von Europa und USA in Ukraine-Frage",
      "source_id": "spiegel",
      "score": 80,
      "bucket": "general_other"
    },
    {
      "title": "Tom Holland und Zendaya: Haben sie bereits geheiratet? »Mehr als das wirst du dazu nicht erfahren«",
      "source_id": "spiegel",
      "score": 80,
      "bucket": "general_other"
    },
    {
      "title": "EU-Parlament stimmt für Verbot von KI für Missbrauch-Deepfakes",
      "source_id": "spiegel",
      "score": 80,
      "bucket": "general_other"
    },
    {
      "title": "Fall Fabian: Zeuge Olaf K. ging mit Gina H. zur Leiche",
      "source_id": "spiegel",
      "score": 80,
      "bucket": "general_other"
    },
    {
      "title": "Palantir: Frankreich beendet Zusammenarbeit mit US-Konzern",
      "source_id": "spiegel",
      "score": 80,
      "bucket": "general_other"
    },
    {
      "title": "USA: Warum Franchises gerade so beliebt sind",
      "source_id": "spiegel",
      "score": 80,
      "bucket": "general_other"
    },
    {
      "title": "Alaska-Wahl: Dan Sullivan darf nicht gegen Dan Sullivan antreten",
      "source_id": "spiegel",
      "score": 80,
      "bucket": "general_other"
    },
    {
      "title": "BMW kappt Prognosen deutlich – Aktie fällt",
      "source_id": "spiegel",
      "score": 80,
      "bucket": "general_other"
    },
    {
      "title": "Ukraine-Krieg: Russland baut ein eigenes Starlink. Wie gut ist das System?",
      "source_id": "spiegel",
      "score": 80,
      "bucket": "general_other"
    },
    {
      "title": "Shein: BHV Marais trennt sich nach Kritik vom chinesischen Modekonzern",
      "source_id": "spiegel",
      "score": 80,
      "bucket": "general_other"
    },
    {
      "title": "Michel Friedman: Publizist kritisiert Absage von Gedenkfeier in Bayreuth",
      "source_id": "spiegel",
      "score": 80,
      "bucket": "general_other"
    },
    {
      "title": "Friedrich Merz und Donald Trump: Kanzler setzt beim G7-Gipfel auf Geschenk-Diplomatie",
      "source_id": "spiegel",
      "score": 80,
      "bucket": "general_other"
    },
    {
      "title": "Ihre Sexpuppe im Schloss Bellevue sorgt für Aufregung. Jetzt spricht die Künstlerin Alexandra Bircken",
      "source_id": "spiegel",
      "score": 80,
      "bucket": "general_other"
    },
    {
      "title": "Sardinien: Der Sonnenschirm, die unbekannte Gefahr",
      "source_id": "spiegel",
      "score": 80,
      "bucket": "general_other"
    },
    {
      "title": "Weltwirtschaft: Grenzen der Diversifizierung",
      "source_id": "faz",
      "score": 76,
      "bucket": "general_keyword"
    },
    {
      "title": "Nebenwerte im Blick: „Die GKV reicht gerade so zum Überleben“",
      "source_id": "faz",
      "score": 76,
      "bucket": "general_keyword"
    },
    {
      "title": "F.A.Z. Live-Podcast: „Deutschlands Erfolgsfaktoren sind weg“",
      "source_id": "faz",
      "score": 76,
      "bucket": "general_keyword"
    },
    {
      "title": "Hohes Verlustrisiko: Bafin greift im Handel mit Turbo-Zertifikaten ein",
      "source_id": "faz",
      "score": 76,
      "bucket": "general_keyword"
    },
    {
      "title": "Britische Hochschulkrise: Was ist ein Uni-Studium noch wert?",
      "source_id": "faz",
      "score": 76,
      "bucket": "general_keyword"
    },
    {
      "title": "Vergiftung in Istanbul: „Da fragen wir uns: ‚Was ist unsere Tochter wert?‘“",
      "source_id": "faz",
      "score": 76,
      "bucket": "general_keyword"
    },
    {
      "title": "Bad Salzhausen: Junge Ideen für 200 Jahre altes Hotel",
      "source_id": "faz",
      "score": 76,
      "bucket": "general_keyword"
    },
    {
      "title": "KNDS-Manager im Gespräch: „In Deutschland werden wir noch zwei zusätzliche Produktionsstätten aufbauen“",
      "source_id": "faz",
      "score": 76,
      "bucket": "general_other"
    },
    {
      "title": "Krieg in der Ukraine: Die Zeit spielt nun gegen Putin",
      "source_id": "faz",
      "score": 76,
      "bucket": "general_other"
    },
    {
      "title": "Alexandr Lukaschenko: Ein schwieriger Verbündeter für Moskau",
      "source_id": "faz",
      "score": 76,
      "bucket": "general_other"
    },
    {
      "title": "Liveblog Fußball-WM 2026: Messi stellt Kloses Torrekord ein",
      "source_id": "faz",
      "score": 76,
      "bucket": "general_other"
    },
    {
      "title": "Gegen Senegal: Superstar Mbappé führt Franzosen zum Auftaktsieg",
      "source_id": "faz",
      "score": 76,
      "bucket": "general_other"
    },
    {
      "title": "DFB-Kapitän Kimmich: „Ihr seid ja quasi im Urlaub hier“",
      "source_id": "faz",
      "score": 76,
      "bucket": "general_other"
    },
    {
      "title": "Liveblog Ukrainekrieg: G7 wollen mit neuen Sanktionen Druck auf Russland erhöhen",
      "source_id": "faz",
      "score": 76,
      "bucket": "general_other"
    },
    {
      "title": "Kolumne „Midlife Crisis“: Älter werden heißt wieder Kind werden – mit mehr Geld und Freiheit",
      "source_id": "faz",
      "score": 76,
      "bucket": "general_other"
    },
    {
      "title": "US-Rückzug aus Europa: Einige Lücken kann die NATO kaum füllen",
      "source_id": "faz",
      "score": 76,
      "bucket": "general_other"
    },
    {
      "title": "Jordi Savall im Interview: „Ich kannte einen Musiker, der Magen-Darm-Krankheiten mit einem Instrument geheilt hat“",
      "source_id": "faz",
      "score": 76,
      "bucket": "general_other"
    },
    {
      "title": "Regionale Preise: Wo das Leben besonders teuer ist – und wo besonders günstig",
      "source_id": "faz",
      "score": 76,
      "bucket": "general_other"
    }
  ]
}