{
  "timestamp": "2026-05-05T05:04:53+00:00",
  "caps": {
    "HARVEST_CAP": 25,
    "KEYWORD_KEEP": 10,
    "GENERAL_KEEP": 5
  },
  "buckets": {
    "gastro_t1": {
      "total": 14,
      "kept": 13
    },
    "gastro_t2": {
      "total": 10,
      "kept": 0
    },
    "general_keyword": {
      "total": 25,
      "kept": 7
    },
    "general_other": {
      "total": 283,
      "kept": 5
    }
  },
  "totals": {
    "kept": 25,
    "dropped": 302
  },
  "per_source": {
    "ahgz-gastro": {
      "name": "AHGZ Gastronomie",
      "fetched": 25,
      "noise": 0,
      "seen": 22,
      "candidates": 3,
      "errors": []
    },
    "bmel": {
      "name": "BMEL Pressemitteilungen",
      "fetched": 50,
      "noise": 0,
      "seen": 50,
      "candidates": 0,
      "errors": []
    },
    "dehoga-berlin": {
      "name": "DEHOGA Berlin",
      "fetched": 10,
      "noise": 0,
      "seen": 10,
      "candidates": 0,
      "errors": []
    },
    "faz": {
      "name": "FAZ Aktuell",
      "fetched": 135,
      "noise": 0,
      "seen": 62,
      "candidates": 73,
      "errors": []
    },
    "manager-magazin": {
      "name": "Manager Magazin",
      "fetched": 28,
      "noise": 0,
      "seen": 9,
      "candidates": 19,
      "errors": []
    },
    "politico-eu": {
      "name": "Politico EU",
      "fetched": 10,
      "noise": 0,
      "seen": 0,
      "candidates": 10,
      "errors": []
    },
    "scmp": {
      "name": "South China Morning Post",
      "fetched": 50,
      "noise": 0,
      "seen": 0,
      "candidates": 50,
      "errors": []
    },
    "spiegel": {
      "name": "Der Spiegel",
      "fetched": 30,
      "noise": 0,
      "seen": 0,
      "candidates": 30,
      "errors": []
    },
    "tagesschau-wirtschaft": {
      "name": "Tagesschau Wirtschaft",
      "fetched": 25,
      "noise": 0,
      "seen": 18,
      "candidates": 7,
      "errors": []
    },
    "wiwo": {
      "name": "WirtschaftsWoche",
      "fetched": 20,
      "noise": 0,
      "seen": 0,
      "candidates": 20,
      "errors": []
    },
    "ahgz-all": {
      "name": "AHGZ Allgemein",
      "fetched": 25,
      "noise": 0,
      "seen": 14,
      "candidates": 11,
      "errors": []
    },
    "ahgz-suppliers": {
      "name": "AHGZ Zulieferer",
      "fetched": 25,
      "noise": 0,
      "seen": 25,
      "candidates": 0,
      "errors": []
    },
    "dw-de": {
      "name": "Deutsche Welle (DE)",
      "fetched": 85,
      "noise": 0,
      "seen": 73,
      "candidates": 12,
      "errors": []
    },
    "dw-en": {
      "name": "Deutsche Welle (EN)",
      "fetched": 127,
      "noise": 0,
      "seen": 106,
      "candidates": 21,
      "errors": []
    },
    "ec-press": {
      "name": "European Commission Press",
      "fetched": 10,
      "noise": 0,
      "seen": 0,
      "candidates": 10,
      "errors": []
    },
    "efsa-press": {
      "name": "EFSA Press",
      "fetched": 10,
      "noise": 0,
      "seen": 10,
      "candidates": 0,
      "errors": []
    },
    "euobserver": {
      "name": "EUobserver",
      "fetched": 20,
      "noise": 0,
      "seen": 9,
      "candidates": 11,
      "errors": []
    },
    "tagesschau-all": {
      "name": "Tagesschau All",
      "fetched": 55,
      "noise": 0,
      "seen": 20,
      "candidates": 35,
      "errors": []
    },
    "wiwo-politik": {
      "name": "WiWo Politik",
      "fetched": 20,
      "noise": 0,
      "seen": 12,
      "candidates": 8,
      "errors": []
    },
    "zdf-wirtschaft": {
      "name": "ZDFheute Wirtschaft",
      "fetched": 79,
      "noise": 0,
      "seen": 67,
      "candidates": 12,
      "errors": []
    }
  },
  "kept_titles": [
    {
      "title": "Deutscher Wein : VDP-Weinbörse zeigt Stärke",
      "source_id": "ahgz-gastro",
      "score": 93,
      "bucket": "gastro_t1"
    },
    {
      "title": "Technik: In Frankfurt hilft ein Roboter in der Küche",
      "source_id": "ahgz-gastro",
      "score": 93,
      "bucket": "gastro_t1"
    },
    {
      "title": "Kulinarik-Event: Shef’s Kitchen Party geht in neue Runde",
      "source_id": "ahgz-gastro",
      "score": 93,
      "bucket": "gastro_t1"
    },
    {
      "title": "Start-ups in Deutschland bekommen mehr Wagniskapital",
      "source_id": "tagesschau-wirtschaft",
      "score": 87,
      "bucket": "general_keyword"
    },
    {
      "title": "Wirtschaft vor acht vom 04.05.2026",
      "source_id": "tagesschau-wirtschaft",
      "score": 87,
      "bucket": "general_keyword"
    },
    {
      "title": "Update Wirtschaft vom 04.05.2026",
      "source_id": "tagesschau-wirtschaft",
      "score": 87,
      "bucket": "general_keyword"
    },
    {
      "title": "UniCredit-Aktionäre machen Weg für Commerzbank-Übernahme frei",
      "source_id": "tagesschau-wirtschaft",
      "score": 87,
      "bucket": "general_other"
    },
    {
      "title": "ADAC-Analyse: Tankrabatt noch nicht vollständig weitergegeben",
      "source_id": "tagesschau-wirtschaft",
      "score": 87,
      "bucket": "general_other"
    },
    {
      "title": "GameStop will eBay übernehmen - für 56 Milliarden Dollar",
      "source_id": "tagesschau-wirtschaft",
      "score": 87,
      "bucket": "general_other"
    },
    {
      "title": "DAX rutscht ab: Zu viel des Schlechten",
      "source_id": "tagesschau-wirtschaft",
      "score": 87,
      "bucket": "general_other"
    },
    {
      "title": "Geschäftszahlen : Premier Inn wird in Deutschland profitabel",
      "source_id": "ahgz-all",
      "score": 80,
      "bucket": "gastro_t1"
    },
    {
      "title": "Deutscher Wein : VDP-Weinbörse zeigt Stärke",
      "source_id": "ahgz-all",
      "score": 80,
      "bucket": "gastro_t1"
    },
    {
      "title": "Recht: Hotelverband aktualisiert AGB für Hotels",
      "source_id": "ahgz-all",
      "score": 80,
      "bucket": "gastro_t1"
    },
    {
      "title": "Neue Führungskraft : Arabella Hospitality ernennt COO",
      "source_id": "ahgz-all",
      "score": 80,
      "bucket": "gastro_t1"
    },
    {
      "title": "Technik: In Frankfurt hilft ein Roboter in der Küche",
      "source_id": "ahgz-all",
      "score": 80,
      "bucket": "gastro_t1"
    },
    {
      "title": "Tourismus: Ostseetraum übernimmt Ferienpark Seepferdchen in Nienhagen",
      "source_id": "ahgz-all",
      "score": 80,
      "bucket": "gastro_t1"
    },
    {
      "title": "Markenkooperation: Volvo macht mit E-Autos Station bei 25hours Hotels",
      "source_id": "ahgz-all",
      "score": 80,
      "bucket": "gastro_t1"
    },
    {
      "title": "Sport & Hospitality: Warum B'mine Hotel auf Tischtennis setzt",
      "source_id": "ahgz-all",
      "score": 80,
      "bucket": "gastro_t1"
    },
    {
      "title": "Strategische Neuausrichtung: Was Böckeler bei Invite plant",
      "source_id": "ahgz-all",
      "score": 80,
      "bucket": "gastro_t1"
    },
    {
      "title": "Kulinarik-Event: Shef’s Kitchen Party geht in neue Runde",
      "source_id": "ahgz-all",
      "score": 80,
      "bucket": "gastro_t1"
    },
    {
      "title": "Britney Spears: Popstar nach Alkoholfahrt zu einem Jahr Bewährung verurteilt",
      "source_id": "spiegel",
      "score": 80,
      "bucket": "general_keyword"
    },
    {
      "title": "SPD und CDU/CSU: Warum die Koalition an den eigenen Erwartungen scheitert",
      "source_id": "spiegel",
      "score": 80,
      "bucket": "general_other"
    },
    {
      "title": "Zweifel an drei Gesetzentwürfen: So subtil wäscht Carsten Schneider Katherina Reiche den Kopf",
      "source_id": "faz",
      "score": 76,
      "bucket": "general_keyword"
    },
    {
      "title": "Pulitzer-Preise: Trump-kritischer Journalismus gewinnt",
      "source_id": "faz",
      "score": 76,
      "bucket": "general_keyword"
    },
    {
      "title": "Studie zur Circular Economy: Milliardenpotential für die deutsche Industrie",
      "source_id": "faz",
      "score": 76,
      "bucket": "general_keyword"
    }
  ],
  "dropped_titles": [
    {
      "title": "Dolly Parton sagt Shows in Las Vegas ab",
      "source_id": "spiegel",
      "score": 80,
      "bucket": "general_other"
    },
    {
      "title": "US-Truppenabzug: Welche Folgen die Entscheidung von Donald Trump für Deutschland hat",
      "source_id": "spiegel",
      "score": 80,
      "bucket": "general_other"
    },
    {
      "title": "Peking: Und die letzten drei Stockwerke? Das ist ein Staatsgeheimnis",
      "source_id": "spiegel",
      "score": 80,
      "bucket": "general_other"
    },
    {
      "title": "Blake Lively und Justin Baldoni beenden ihren Rechtsstreit - kurz vor Prozess-Beginn",
      "source_id": "spiegel",
      "score": 80,
      "bucket": "general_other"
    },
    {
      "title": "Russell Crowe als Hermann Göring in »Nürnberg«: Was redet dieser Kerl da?",
      "source_id": "spiegel",
      "score": 80,
      "bucket": "general_other"
    },
    {
      "title": "News: Donald Trump zieht US-Truppen ab, Amokfahrt in Leipzig, Reiner Haseloff und Bodo Ramelow im Gespräch",
      "source_id": "spiegel",
      "score": 80,
      "bucket": "general_other"
    },
    {
      "title": "Fitness: Nur drei Sekunden Work-out und trotzdem stark. Mit diesen Übungen geht's",
      "source_id": "spiegel",
      "score": 80,
      "bucket": "general_other"
    },
    {
      "title": "Diagnose RED-S: Chronisch müde, ständig verletzt, eingeschränkte Libido – wenn dem Körper die Energie ausgeht",
      "source_id": "spiegel",
      "score": 80,
      "bucket": "general_other"
    },
    {
      "title": "Met Gala 2026: Die besten Fotos vom roten Teppich",
      "source_id": "spiegel",
      "score": 80,
      "bucket": "general_other"
    },
    {
      "title": "Waldbrand in Bayern: Bundeswehr löscht am Saurüsselkopf aus der Luft",
      "source_id": "spiegel",
      "score": 80,
      "bucket": "general_other"
    },
    {
      "title": "EU testet Beistandsklausel für Fall eines Angriffs",
      "source_id": "spiegel",
      "score": 80,
      "bucket": "general_other"
    },
    {
      "title": "Attentatsversuch auf Donald Trump: US-Richter entschuldigt sich bei mutmaßlichem Schützen von Washington",
      "source_id": "spiegel",
      "score": 80,
      "bucket": "general_other"
    },
    {
      "title": "USA: Schüsse in der Hauptstadt Washington – Weißes Haus kurzfristig abgeriegelt",
      "source_id": "spiegel",
      "score": 80,
      "bucket": "general_other"
    },
    {
      "title": "Pulitzerpreise: Recherchen zu Donald Trump räumen bei Journalismus-Auszeichnung ab",
      "source_id": "spiegel",
      "score": 80,
      "bucket": "general_other"
    },
    {
      "title": "New York City: Erneut Hakenkreuz-Schmierereien an Synagoge in Queens",
      "source_id": "spiegel",
      "score": 80,
      "bucket": "general_other"
    },
    {
      "title": "Iran attackiert Vereinigte Arabische Emirate – Donald Trump meldet versenkte iranische Boote",
      "source_id": "spiegel",
      "score": 80,
      "bucket": "general_other"
    },
    {
      "title": "Leipzig: Was über die Amokfahrt in der Innenstadt bekannt ist",
      "source_id": "spiegel",
      "score": 80,
      "bucket": "general_other"
    },
    {
      "title": "Leipzig: Oberbürgermeister spricht von »fürchterlicher Amokfahrt«",
      "source_id": "spiegel",
      "score": 80,
      "bucket": "general_other"
    },
    {
      "title": "Memmingen: Leichenfund in leerstehendem Gebäude bei Suche nach vermisstem 14-Jährigen",
      "source_id": "spiegel",
      "score": 80,
      "bucket": "general_other"
    },
    {
      "title": "Stuttgart: Polizei stellt 250 Kilogramm Bratwurst in Reisebus sicher",
      "source_id": "spiegel",
      "score": 80,
      "bucket": "general_other"
    },
    {
      "title": "BBC: Sparpläne treffen vor allem den News-Bereich mit Kürzung um 15 Prozent",
      "source_id": "spiegel",
      "score": 80,
      "bucket": "general_other"
    },
    {
      "title": "Konflikt im Nahen Osten: Warum Trumps Irankrieg nun wohl auch nach US-Recht illegal ist",
      "source_id": "spiegel",
      "score": 80,
      "bucket": "general_other"
    },
    {
      "title": "Odenwald: Mann wegen Kindesmissbrauchs in 75 Fällen zu Haft verurteilt",
      "source_id": "spiegel",
      "score": 80,
      "bucket": "general_other"
    },
    {
      "title": "Ukraine und Russland: Moskau verkündet Feuerpause zum Weltkriegs-Gedenktag",
      "source_id": "spiegel",
      "score": 80,
      "bucket": "general_other"
    },
    {
      "title": "»Bayesian«: Untersuchungen zu möglicher Mitschuld der Crew am Untergang",
      "source_id": "spiegel",
      "score": 80,
      "bucket": "general_other"
    },
    {
      "title": "Donald Trump: So kann die EU auf Trumps neue Zollandrohung reagieren",
      "source_id": "spiegel",
      "score": 80,
      "bucket": "general_other"
    },
    {
      "title": "USA: Supreme Court erlaubt vorerst Versand von Abtreibungspille Mifepriston",
      "source_id": "spiegel",
      "score": 80,
      "bucket": "general_other"
    },
    {
      "title": "ESC und Kunst-Biennale: Die Oscars weisen den Ausweg – Kommentar",
      "source_id": "spiegel",
      "score": 80,
      "bucket": "general_other"
    },
    {
      "title": "KI in Hollywood: Werden Schauspieler bald überflüssig?",
      "source_id": "faz",
      "score": 76,
      "bucket": "general_keyword"
    },
    {
      "title": "Restaurant „Reichsstadt“: Hier arbeitet ein Talent",
      "source_id": "faz",
      "score": 76,
      "bucket": "general_keyword"
    },
    {
      "title": "Wohndilemma in Griechenland: Athen zeigt zwei Gesichter",
      "source_id": "faz",
      "score": 76,
      "bucket": "general_keyword"
    },
    {
      "title": "Energiekrise: Die fossile Krise braucht eine erneuerbare Antwort",
      "source_id": "faz",
      "score": 76,
      "bucket": "general_other"
    },
    {
      "title": "Liveblog Irankrieg: Iran sieht „keine militärische Lösung“ für Krise in Straße von Hormus",
      "source_id": "faz",
      "score": 76,
      "bucket": "general_other"
    },
    {
      "title": "Straße von Hormus: Der Streit um die Meerenge wird zur militärischen Machtprobe",
      "source_id": "faz",
      "score": 76,
      "bucket": "general_other"
    },
    {
      "title": "Nach Öl-Sanktionen: China weist Firmen an, US-Sanktionen zu ignorieren",
      "source_id": "faz",
      "score": 76,
      "bucket": "general_other"
    },
    {
      "title": "Amokfahrt: Auto fährt in Leipziger Innenstadt in Menschengruppe – zwei Tote",
      "source_id": "faz",
      "score": 76,
      "bucket": "general_other"
    },
    {
      "title": "F.a.Z. Frühdenker: Können Trumps neue Auto-Zölle nochmal abgewendet werden?",
      "source_id": "faz",
      "score": 76,
      "bucket": "general_other"
    },
    {
      "title": "Konflikte in der Beziehung: „Es funktioniert oft nicht, den Partner zu verändern“",
      "source_id": "faz",
      "score": 76,
      "bucket": "general_other"
    },
    {
      "title": "Familien unerwünscht: Kinder müssen draußen bleiben",
      "source_id": "faz",
      "score": 76,
      "bucket": "general_other"
    },
    {
      "title": "Deutschland-Liveblog: Verkehrsminister Schnieder nennt Tankrabatt „richtige Entscheidung“",
      "source_id": "faz",
      "score": 76,
      "bucket": "general_other"
    },
    {
      "title": "Pergamonmuseum eröffnet 2027: Das endlose Provisorium",
      "source_id": "faz",
      "score": 76,
      "bucket": "general_other"
    },
    {
      "title": "Wadephul in Griechenland: Vergangenheit ist Gegenwart",
      "source_id": "faz",
      "score": 76,
      "bucket": "general_other"
    },
    {
      "title": "Jeff Bezos und die Met-Gala: Stil kann man nicht kaufen? Von wegen!",
      "source_id": "faz",
      "score": 76,
      "bucket": "general_other"
    },
    {
      "title": "Ein Jahr Schwarz-Rot: Die Handschrift der CDU ist blass",
      "source_id": "faz",
      "score": 76,
      "bucket": "general_other"
    },
    {
      "title": "Angebot von Gamestop: Ebay kämpft um seine Relevanz",
      "source_id": "faz",
      "score": 76,
      "bucket": "general_other"
    },
    {
      "title": "Vor der Wahl in Frankreich: Die Gefahr von links",
      "source_id": "faz",
      "score": 76,
      "bucket": "general_other"
    },
    {
      "title": "Möglicher Hantavirus-Ausbruch: Schiffspassagiere können vorerst nicht von Bord",
      "source_id": "faz",
      "score": 76,
      "bucket": "general_other"
    },
    {
      "title": "Liveblog USA unter Trump: Bewaffneter Mann nahe des Weißen Hauses angeschossen",
      "source_id": "faz",
      "score": 76,
      "bucket": "general_other"
    },
    {
      "title": "Liveblog Ukrainekrieg: Russland verkündet Waffenruhe für 8. und 9. Mai",
      "source_id": "faz",
      "score": 76,
      "bucket": "general_other"
    },
    {
      "title": "Sollten den Zug Verlassen: Sex in erster Klasse? Paar greift Bahnmitarbeiter an",
      "source_id": "faz",
      "score": 76,
      "bucket": "general_other"
    }
  ]
}