{
  "timestamp": "2026-05-09T05:04:38+00:00",
  "caps": {
    "HARVEST_CAP": 25,
    "KEYWORD_KEEP": 10,
    "GENERAL_KEEP": 5
  },
  "buckets": {
    "gastro_t1": {
      "total": 14,
      "kept": 13
    },
    "gastro_t2": {
      "total": 8,
      "kept": 0
    },
    "general_keyword": {
      "total": 28,
      "kept": 7
    },
    "general_other": {
      "total": 312,
      "kept": 5
    }
  },
  "totals": {
    "kept": 25,
    "dropped": 330
  },
  "per_source": {
    "ahgz-gastro": {
      "name": "AHGZ Gastronomie",
      "fetched": 25,
      "noise": 0,
      "seen": 24,
      "candidates": 1,
      "errors": []
    },
    "bmel": {
      "name": "BMEL Pressemitteilungen",
      "fetched": 50,
      "noise": 0,
      "seen": 49,
      "candidates": 1,
      "errors": []
    },
    "dehoga-berlin": {
      "name": "DEHOGA Berlin",
      "fetched": 10,
      "noise": 0,
      "seen": 8,
      "candidates": 2,
      "errors": []
    },
    "faz": {
      "name": "FAZ Aktuell",
      "fetched": 128,
      "noise": 0,
      "seen": 52,
      "candidates": 76,
      "errors": []
    },
    "manager-magazin": {
      "name": "Manager Magazin",
      "fetched": 30,
      "noise": 0,
      "seen": 9,
      "candidates": 21,
      "errors": []
    },
    "politico-eu": {
      "name": "Politico EU",
      "fetched": 10,
      "noise": 0,
      "seen": 0,
      "candidates": 10,
      "errors": []
    },
    "scmp": {
      "name": "South China Morning Post",
      "fetched": 50,
      "noise": 0,
      "seen": 0,
      "candidates": 50,
      "errors": []
    },
    "spiegel": {
      "name": "Der Spiegel",
      "fetched": 30,
      "noise": 0,
      "seen": 0,
      "candidates": 30,
      "errors": []
    },
    "tagesschau-wirtschaft": {
      "name": "Tagesschau Wirtschaft",
      "fetched": 17,
      "noise": 0,
      "seen": 6,
      "candidates": 11,
      "errors": []
    },
    "wiwo": {
      "name": "WirtschaftsWoche",
      "fetched": 20,
      "noise": 0,
      "seen": 0,
      "candidates": 20,
      "errors": []
    },
    "ahgz-all": {
      "name": "AHGZ Allgemein",
      "fetched": 25,
      "noise": 0,
      "seen": 15,
      "candidates": 10,
      "errors": []
    },
    "ahgz-suppliers": {
      "name": "AHGZ Zulieferer",
      "fetched": 25,
      "noise": 0,
      "seen": 25,
      "candidates": 0,
      "errors": []
    },
    "dw-de": {
      "name": "Deutsche Welle (DE)",
      "fetched": 85,
      "noise": 0,
      "seen": 70,
      "candidates": 15,
      "errors": []
    },
    "dw-en": {
      "name": "Deutsche Welle (EN)",
      "fetched": 133,
      "noise": 0,
      "seen": 112,
      "candidates": 21,
      "errors": []
    },
    "ec-press": {
      "name": "European Commission Press",
      "fetched": 10,
      "noise": 0,
      "seen": 2,
      "candidates": 8,
      "errors": []
    },
    "efsa-press": {
      "name": "EFSA Press",
      "fetched": 10,
      "noise": 0,
      "seen": 10,
      "candidates": 0,
      "errors": []
    },
    "euobserver": {
      "name": "EUobserver",
      "fetched": 20,
      "noise": 0,
      "seen": 14,
      "candidates": 6,
      "errors": []
    },
    "tagesschau-all": {
      "name": "Tagesschau All",
      "fetched": 78,
      "noise": 0,
      "seen": 22,
      "candidates": 56,
      "errors": []
    },
    "wiwo-politik": {
      "name": "WiWo Politik",
      "fetched": 20,
      "noise": 0,
      "seen": 5,
      "candidates": 15,
      "errors": []
    },
    "zdf-wirtschaft": {
      "name": "ZDFheute Wirtschaft",
      "fetched": 72,
      "noise": 0,
      "seen": 63,
      "candidates": 9,
      "errors": []
    }
  },
  "kept_titles": [
    {
      "title": "Ja zu Olympia. Ja zur Expo.",
      "source_id": "dehoga-berlin",
      "score": 100,
      "bucket": "gastro_t1"
    },
    {
      "title": "Arbeitsmarkt bleibt angespannt – gesamtwirtschaftlich und im Gastgewerbe",
      "source_id": "dehoga-berlin",
      "score": 100,
      "bucket": "gastro_t1"
    },
    {
      "title": "Starkoch: Wie Ottolenghi international wachsen will",
      "source_id": "ahgz-gastro",
      "score": 93,
      "bucket": "gastro_t1"
    },
    {
      "title": "Was die Riester-Reform Sparerinnen und Sparern bringen soll",
      "source_id": "tagesschau-wirtschaft",
      "score": 87,
      "bucket": "general_keyword"
    },
    {
      "title": "Wirtschaft vor acht vom 09.06.2026",
      "source_id": "tagesschau-wirtschaft",
      "score": 87,
      "bucket": "general_keyword"
    },
    {
      "title": "Update Wirtschaft vom 08.05.2026",
      "source_id": "tagesschau-wirtschaft",
      "score": 87,
      "bucket": "general_keyword"
    },
    {
      "title": "Flughafenverband rechnet mit Flugstreichungen wegen hoher Kerosinpreise",
      "source_id": "tagesschau-wirtschaft",
      "score": 87,
      "bucket": "general_other"
    },
    {
      "title": "Welche neuen Eskalationen im Zollstreit durch Trumps Ultimatum drohen",
      "source_id": "tagesschau-wirtschaft",
      "score": 87,
      "bucket": "general_other"
    },
    {
      "title": "Deutsche Exporte in die USA eingebrochen",
      "source_id": "tagesschau-wirtschaft",
      "score": 87,
      "bucket": "general_other"
    },
    {
      "title": "Stuttgart ist Deutschlands Homeoffice-Hauptstadt",
      "source_id": "tagesschau-wirtschaft",
      "score": 87,
      "bucket": "general_other"
    },
    {
      "title": "Reisen ins Ausland mit der Bahn werden beliebter",
      "source_id": "tagesschau-wirtschaft",
      "score": 87,
      "bucket": "general_other"
    },
    {
      "title": "Liquiditätshilfen für landwirtschaftliche Betriebe: BMLEH und Landwirtschaftliche Rentenbank bringen 200-Millionen-Euro-Programm auf den Weg",
      "source_id": "bmel",
      "score": 83,
      "bucket": "gastro_t1"
    },
    {
      "title": "Weiterentwicklung: Black F Serviced Apartments verstärkt Führungsteam",
      "source_id": "ahgz-all",
      "score": 80,
      "bucket": "gastro_t1"
    },
    {
      "title": "Starkoch: Wie Ottolenghi international wachsen will",
      "source_id": "ahgz-all",
      "score": 80,
      "bucket": "gastro_t1"
    },
    {
      "title": "Denkfabrik Zukunft der Gastwelt : Gastwelt Summit im Bundestag sucht nach Lösungen",
      "source_id": "ahgz-all",
      "score": 80,
      "bucket": "gastro_t1"
    },
    {
      "title": "Behindertengleichstellungsgesetz: Barrierefreiheit auf Bestellung",
      "source_id": "ahgz-all",
      "score": 80,
      "bucket": "gastro_t1"
    },
    {
      "title": "Alexander Aisenbrey im Interview: „Wir betreiben Hotels nicht vom Schreibtisch aus“",
      "source_id": "ahgz-all",
      "score": 80,
      "bucket": "gastro_t1"
    },
    {
      "title": "Bundesrat: Länderkammer verweigert Entlastungsprämie die Zustimmung",
      "source_id": "ahgz-all",
      "score": 80,
      "bucket": "gastro_t1"
    },
    {
      "title": "Beweissicherung beginnt: Klage gegen Booking.com: Was Hoteliers jetzt tun können",
      "source_id": "ahgz-all",
      "score": 80,
      "bucket": "gastro_t1"
    },
    {
      "title": "Renovierungsoffensive: Neuer Look fürs Ifa Fehmarn Hotel",
      "source_id": "ahgz-all",
      "score": 80,
      "bucket": "gastro_t1"
    },
    {
      "title": "Expansion: Radisson wächst in der DACH-Region",
      "source_id": "ahgz-all",
      "score": 80,
      "bucket": "gastro_t1"
    },
    {
      "title": "Künstliche Intelligenz im Studium: Wie KI-Agenten Prüfungen für Studierende bestehen können",
      "source_id": "spiegel",
      "score": 80,
      "bucket": "general_keyword"
    },
    {
      "title": "Energie aus Kernfusion: Das Rennen um die ersten Fusionskraftwerke ist eröffnet",
      "source_id": "faz",
      "score": 76,
      "bucket": "general_keyword"
    },
    {
      "title": "Kritische Theorie Debatte: War Habermas „staatstragend“?",
      "source_id": "faz",
      "score": 76,
      "bucket": "general_keyword"
    },
    {
      "title": "Nächtliche Ruhestörung: Ungebetener Gast",
      "source_id": "faz",
      "score": 76,
      "bucket": "general_keyword"
    }
  ],
  "dropped_titles": [
    {
      "title": "Abwehrkampf gegen UniCredit: Commerzbank streicht weitere 3.000 Stellen",
      "source_id": "tagesschau-wirtschaft",
      "score": 87,
      "bucket": "general_other"
    },
    {
      "title": "Marktbericht: Alle Blicke auf den Persischen Golf",
      "source_id": "tagesschau-wirtschaft",
      "score": 87,
      "bucket": "general_other"
    },
    {
      "title": "US-Handelsgericht erklärt Trumps weltweite Zölle für unzulässig",
      "source_id": "tagesschau-wirtschaft",
      "score": 82,
      "bucket": "general_other"
    },
    {
      "title": "News: Wladimir Putin, Wolodymyr Selenskyj, Péter Magyar, Viktor Orbán, Nigel Farage, Keir Starmer",
      "source_id": "spiegel",
      "score": 80,
      "bucket": "general_other"
    },
    {
      "title": "Reisen mit Kindern: Worauf es ankommt, wenn der Urlaub mit der Familie toll werden soll",
      "source_id": "spiegel",
      "score": 80,
      "bucket": "general_other"
    },
    {
      "title": "Reiseübelkeit: Warum werde ich immer reisekrank?",
      "source_id": "spiegel",
      "score": 80,
      "bucket": "general_other"
    },
    {
      "title": "Iran: Katars Regierungschef wirbt bei JD Vance für neue Friedensgespräche",
      "source_id": "spiegel",
      "score": 80,
      "bucket": "general_other"
    },
    {
      "title": "Hantavirus auf der MV »Hondius«: Teneriffa stellt sich auf Ankunft des Schiffs ein",
      "source_id": "spiegel",
      "score": 80,
      "bucket": "general_other"
    },
    {
      "title": "Frankfurt plant auch gegen Stuttgart mit Riera als Trainer",
      "source_id": "spiegel",
      "score": 80,
      "bucket": "general_other"
    },
    {
      "title": "Mount Everest: Rekordansturm spült Millionen in Nepals Staatskasse",
      "source_id": "spiegel",
      "score": 80,
      "bucket": "general_other"
    },
    {
      "title": "Helmut Metzner: Homophober Angriff auf FDP-Politiker und Partner in Berlin",
      "source_id": "spiegel",
      "score": 80,
      "bucket": "general_other"
    },
    {
      "title": "Katy Perry hat ICE kritisiert. Nun eröffnet sie die WM in den USA",
      "source_id": "spiegel",
      "score": 80,
      "bucket": "general_other"
    },
    {
      "title": "Dortmund besiegt Frankfurt und holt sich die Vizemeisterschaft",
      "source_id": "spiegel",
      "score": 80,
      "bucket": "general_other"
    },
    {
      "title": "TU Berlin schließt marodes Hauptgebäude wegen Baumängel",
      "source_id": "spiegel",
      "score": 80,
      "bucket": "general_other"
    },
    {
      "title": "Ukraine-Russland-Krieg: Donald Trump verkündet dreitägige Waffenruhe – Wolodymyr Selenskyj und Kreml bestätigen",
      "source_id": "spiegel",
      "score": 80,
      "bucket": "general_other"
    },
    {
      "title": "Demmin: Mindestens 1200 Demonstranten stellen sich gegen rechten Aufmarsch",
      "source_id": "spiegel",
      "score": 80,
      "bucket": "general_other"
    },
    {
      "title": "Giro d'Italia: Paul Magnier gewinnt Auftakt-Etappe",
      "source_id": "spiegel",
      "score": 80,
      "bucket": "general_other"
    },
    {
      "title": "Frederiksen gescheitert: Regierungssuche in Dänemark geht in die zweite Runde",
      "source_id": "spiegel",
      "score": 80,
      "bucket": "general_other"
    },
    {
      "title": "Hantavirus auf Kreuzfahrtschiff: Was gegen eine Pandemie spricht – und wo die Risiken liegen",
      "source_id": "spiegel",
      "score": 80,
      "bucket": "general_other"
    },
    {
      "title": "Jens Spahn stellt sich gegen Zusammenarbeit mit »dieser AfD«",
      "source_id": "spiegel",
      "score": 80,
      "bucket": "general_other"
    },
    {
      "title": "Tennis: Zverev besiegt Altmeier trotz wechselhafter Leistung",
      "source_id": "spiegel",
      "score": 80,
      "bucket": "general_other"
    },
    {
      "title": "Südafrika: Cyril Ramaphosa droht Amtsenthebungsverfahren",
      "source_id": "spiegel",
      "score": 80,
      "bucket": "general_other"
    },
    {
      "title": "WM 2026: Mexiko verlängert Sommerferien auf fast drei Monate",
      "source_id": "spiegel",
      "score": 80,
      "bucket": "general_other"
    },
    {
      "title": "Donald Trump erwartet Jumbojet aus Katar zum Geburtstag der USA",
      "source_id": "spiegel",
      "score": 80,
      "bucket": "general_other"
    },
    {
      "title": "Pentagon veröffentlicht geheime Ufo-Akten",
      "source_id": "spiegel",
      "score": 80,
      "bucket": "general_other"
    },
    {
      "title": "Andrew Mountbatten-Windsor: Mann bestreitet Angriff auf früheren britischen Prinzen",
      "source_id": "spiegel",
      "score": 80,
      "bucket": "general_other"
    },
    {
      "title": "Papst Leo XIV.: Warum er mit seinem MAGA-Bruder Louis nicht über Politik spricht",
      "source_id": "spiegel",
      "score": 80,
      "bucket": "general_other"
    },
    {
      "title": "Freiburg: Zwei Tote nach Porsche-Probefahrt",
      "source_id": "spiegel",
      "score": 80,
      "bucket": "general_other"
    },
    {
      "title": "Porsche wickelt drei Tochterfirmen ab – 500 Jobs betroffen",
      "source_id": "spiegel",
      "score": 80,
      "bucket": "general_other"
    },
    {
      "title": "Griechenland: Fischer entdeckt Kampfdrohne in Küstenhöhle von Lefkada",
      "source_id": "spiegel",
      "score": 80,
      "bucket": "general_other"
    },
    {
      "title": "Carsten Schneider: Umweltminister kündigt Verbot von Einweg-Vapes an",
      "source_id": "spiegel",
      "score": 80,
      "bucket": "general_other"
    },
    {
      "title": "Real Madrid: Federico Valverde und Aurélien Tchouameni müssen 500.000 Euro zahlen",
      "source_id": "spiegel",
      "score": 80,
      "bucket": "general_other"
    },
    {
      "title": "F.A.Z. Machtprobe: Russlands Wirtschaft stottert: „Sitzt im Kreml noch ein 'Strongman'?“",
      "source_id": "faz",
      "score": 76,
      "bucket": "general_keyword"
    },
    {
      "title": "Private Altersvorsorge: Was taugt die neue Riester-Rente?",
      "source_id": "faz",
      "score": 76,
      "bucket": "general_keyword"
    },
    {
      "title": "Wein kaufen: KI, such mir meinen Lieblingswein!",
      "source_id": "faz",
      "score": 76,
      "bucket": "general_keyword"
    },
    {
      "title": "Krimihauptstadt Hillesheim: Lustvoll schwelgen in Habgier und Heimtücke",
      "source_id": "faz",
      "score": 76,
      "bucket": "general_keyword"
    },
    {
      "title": "Zukunft der Kirche: Wie ein Pfarrer die Kirche in Ostdeutschland wiederbeleben will",
      "source_id": "faz",
      "score": 76,
      "bucket": "general_other"
    },
    {
      "title": "Geplante Reform: So prekär ist die Lage in der Pflege",
      "source_id": "faz",
      "score": 76,
      "bucket": "general_other"
    },
    {
      "title": "Deutschland-Liveblog: Bas: „Es ging mir um Fachkräfte“",
      "source_id": "faz",
      "score": 76,
      "bucket": "general_other"
    },
    {
      "title": "Bundesrat stoppt Koalition: Die Entlastungsprämie war ein teurer Fehler",
      "source_id": "faz",
      "score": 76,
      "bucket": "general_other"
    },
    {
      "title": "Liveblog Ukrainekrieg: Trump: Russland und Ukraine tauschen je 1.000 Gefangene aus",
      "source_id": "faz",
      "score": 76,
      "bucket": "general_other"
    },
    {
      "title": "Business-Ticker: Spritpreise fallen auf tiefsten Stand seit zwei Monaten",
      "source_id": "faz",
      "score": 76,
      "bucket": "general_other"
    },
    {
      "title": "anschlusstor kommt zu spät: Nächste Niederlage für Rieras Frankfurt: Dortmund gewinnt letztes Heimspiel",
      "source_id": "faz",
      "score": 76,
      "bucket": "general_other"
    },
    {
      "title": "Gerichtsprozess: Ex-Mitarbeiterin von Sam Altman: „Sie wollen dich nicht“",
      "source_id": "faz",
      "score": 76,
      "bucket": "general_other"
    },
    {
      "title": "Künstliche Intelligenz: Trumps KI-Politik war viel zu einseitig",
      "source_id": "faz",
      "score": 76,
      "bucket": "general_other"
    },
    {
      "title": "Stephen Colbert geht: Warum kriegt das deutsche Fernsehen so einen nicht hin?",
      "source_id": "faz",
      "score": 76,
      "bucket": "general_other"
    },
    {
      "title": "Karl Mannheim: Wehrhafte Demokratie bedeutet mehr als nur Parteiverbote",
      "source_id": "faz",
      "score": 76,
      "bucket": "general_other"
    },
    {
      "title": "Streit mit Saudi-Arabien: Trump verliert einen Verbündeten",
      "source_id": "faz",
      "score": 76,
      "bucket": "general_other"
    },
    {
      "title": "Liveblog Irankrieg: Qatars Regierungschef fordert Wiederbelebung von Verhandlungen",
      "source_id": "faz",
      "score": 76,
      "bucket": "general_other"
    },
    {
      "title": "Ausbruch auf Kreuzfahrt: WHO: Sechs Hantavirus-Fälle bestätigt",
      "source_id": "faz",
      "score": 76,
      "bucket": "general_other"
    }
  ]
}