{
  "timestamp": "2026-07-03T04:00:12+00:00",
  "caps": {
    "HARVEST_CAP": 25,
    "KEYWORD_KEEP": 10,
    "GENERAL_KEEP": 5
  },
  "buckets": {
    "gastro_t1": {
      "total": 21,
      "kept": 17
    },
    "gastro_t2": {
      "total": 10,
      "kept": 0
    },
    "general_keyword": {
      "total": 46,
      "kept": 3
    },
    "general_other": {
      "total": 319,
      "kept": 5
    }
  },
  "totals": {
    "kept": 25,
    "dropped": 365
  },
  "per_source": {
    "ahgz-gastro": {
      "name": "AHGZ Gastronomie",
      "fetched": 25,
      "noise": 0,
      "seen": 21,
      "candidates": 4,
      "errors": []
    },
    "bmel": {
      "name": "BMEL Pressemitteilungen",
      "fetched": 50,
      "noise": 0,
      "seen": 50,
      "candidates": 0,
      "errors": []
    },
    "dehoga-berlin": {
      "name": "DEHOGA Berlin",
      "fetched": 10,
      "noise": 0,
      "seen": 9,
      "candidates": 1,
      "errors": []
    },
    "faz": {
      "name": "FAZ Aktuell",
      "fetched": 104,
      "noise": 0,
      "seen": 19,
      "candidates": 85,
      "errors": []
    },
    "manager-magazin": {
      "name": "Manager Magazin",
      "fetched": 30,
      "noise": 0,
      "seen": 7,
      "candidates": 23,
      "errors": []
    },
    "politico-eu": {
      "name": "Politico EU",
      "fetched": 10,
      "noise": 0,
      "seen": 0,
      "candidates": 10,
      "errors": []
    },
    "scmp": {
      "name": "South China Morning Post",
      "fetched": 50,
      "noise": 0,
      "seen": 0,
      "candidates": 50,
      "errors": []
    },
    "spiegel": {
      "name": "Der Spiegel",
      "fetched": 30,
      "noise": 0,
      "seen": 0,
      "candidates": 30,
      "errors": []
    },
    "tagesschau-wirtschaft": {
      "name": "Tagesschau Wirtschaft",
      "fetched": 36,
      "noise": 0,
      "seen": 23,
      "candidates": 13,
      "errors": []
    },
    "wiwo": {
      "name": "WirtschaftsWoche",
      "fetched": 20,
      "noise": 0,
      "seen": 0,
      "candidates": 20,
      "errors": []
    },
    "ahgz-all": {
      "name": "AHGZ Allgemein",
      "fetched": 25,
      "noise": 0,
      "seen": 10,
      "candidates": 15,
      "errors": []
    },
    "ahgz-suppliers": {
      "name": "AHGZ Zulieferer",
      "fetched": 25,
      "noise": 0,
      "seen": 24,
      "candidates": 1,
      "errors": []
    },
    "dw-de": {
      "name": "Deutsche Welle (DE)",
      "fetched": 89,
      "noise": 0,
      "seen": 73,
      "candidates": 16,
      "errors": []
    },
    "dw-en": {
      "name": "Deutsche Welle (EN)",
      "fetched": 142,
      "noise": 0,
      "seen": 118,
      "candidates": 24,
      "errors": []
    },
    "ec-press": {
      "name": "European Commission Press",
      "fetched": 10,
      "noise": 0,
      "seen": 0,
      "candidates": 10,
      "errors": []
    },
    "efsa-press": {
      "name": "EFSA Press",
      "fetched": 10,
      "noise": 0,
      "seen": 10,
      "candidates": 0,
      "errors": []
    },
    "euobserver": {
      "name": "EUobserver",
      "fetched": 20,
      "noise": 0,
      "seen": 7,
      "candidates": 13,
      "errors": []
    },
    "tagesschau-all": {
      "name": "Tagesschau All",
      "fetched": 75,
      "noise": 0,
      "seen": 20,
      "candidates": 55,
      "errors": []
    },
    "wiwo-politik": {
      "name": "WiWo Politik",
      "fetched": 20,
      "noise": 0,
      "seen": 4,
      "candidates": 16,
      "errors": []
    },
    "zdf-wirtschaft": {
      "name": "ZDFheute Wirtschaft",
      "fetched": 74,
      "noise": 0,
      "seen": 64,
      "candidates": 10,
      "errors": []
    }
  },
  "kept_titles": [
    {
      "title": "Reformpaket mit wichtigen Impulsen",
      "source_id": "dehoga-berlin",
      "score": 100,
      "bucket": "gastro_t1"
    },
    {
      "title": "Inklusion: Inklusiver Kaffee sichert Teilhabe bei Coffee, Brownies & Downies",
      "source_id": "ahgz-gastro",
      "score": 93,
      "bucket": "gastro_t1"
    },
    {
      "title": "Bundesfinanzministerium: Neue Steuerregeln in Vorbereitung",
      "source_id": "ahgz-gastro",
      "score": 93,
      "bucket": "gastro_t1"
    },
    {
      "title": "Dehoga und Land prämieren: Das sind Hessens beste Dorfgasthäuser 2026",
      "source_id": "ahgz-gastro",
      "score": 93,
      "bucket": "gastro_t1"
    },
    {
      "title": "Gourmetgastronomie: Im Supermarkt wird Spitzenküche aufgetischt",
      "source_id": "ahgz-gastro",
      "score": 93,
      "bucket": "gastro_t1"
    },
    {
      "title": "Pläne für den Arbeitsmarkt: \"Mehr Beweglichkeit für Unternehmen\"",
      "source_id": "tagesschau-wirtschaft",
      "score": 87,
      "bucket": "general_keyword"
    },
    {
      "title": "Wirtschaft vor acht vom 02.07.2026",
      "source_id": "tagesschau-wirtschaft",
      "score": 87,
      "bucket": "general_keyword"
    },
    {
      "title": "Update Wirtschaft vom 02.07.2026",
      "source_id": "tagesschau-wirtschaft",
      "score": 87,
      "bucket": "general_keyword"
    },
    {
      "title": "DAX erreicht nach sinkenden Ölpreisen Rekordstand",
      "source_id": "tagesschau-wirtschaft",
      "score": 87,
      "bucket": "general_other"
    },
    {
      "title": "Niederlage vor EuGH: Google muss EU-Rekordstrafe zahlen",
      "source_id": "tagesschau-wirtschaft",
      "score": 87,
      "bucket": "general_other"
    },
    {
      "title": "Erste Sommerreisewelle erwartet: Wo Stau droht",
      "source_id": "tagesschau-wirtschaft",
      "score": 87,
      "bucket": "general_other"
    },
    {
      "title": "Wie die Koalition Steuerzahler entlasten will",
      "source_id": "tagesschau-wirtschaft",
      "score": 87,
      "bucket": "general_other"
    },
    {
      "title": "Auf welche Reformen sich Schwarz-Rot geeinigt hat",
      "source_id": "tagesschau-wirtschaft",
      "score": 87,
      "bucket": "general_other"
    },
    {
      "title": "Neueröffnung: Me and All Leipzig geht an den Start",
      "source_id": "ahgz-all",
      "score": 80,
      "bucket": "gastro_t1"
    },
    {
      "title": "Reformpläne: Wie geht es jetzt weiter mit den Minijobs?",
      "source_id": "ahgz-all",
      "score": 80,
      "bucket": "gastro_t1"
    },
    {
      "title": "Irische Hotelmarke: The Dean öffnet in München",
      "source_id": "ahgz-all",
      "score": 80,
      "bucket": "gastro_t1"
    },
    {
      "title": "Überlaufen, teuer, unbequem: Wie Overtourism die Geschäftsreise ausbremst",
      "source_id": "ahgz-all",
      "score": 80,
      "bucket": "gastro_t1"
    },
    {
      "title": "Inklusion: Inklusiver Kaffee sichert Teilhabe bei Coffee, Brownies & Downies",
      "source_id": "ahgz-all",
      "score": 80,
      "bucket": "gastro_t1"
    },
    {
      "title": "Igefa: Spatenstich für neue Igefa-Niederlassung",
      "source_id": "ahgz-all",
      "score": 80,
      "bucket": "gastro_t1"
    },
    {
      "title": "Bundesfinanzministerium: Neue Steuerregeln in Vorbereitung",
      "source_id": "ahgz-all",
      "score": 80,
      "bucket": "gastro_t1"
    },
    {
      "title": "Gutachten: Hotelinvestmentmarkt Deutschland legt zu",
      "source_id": "ahgz-all",
      "score": 80,
      "bucket": "gastro_t1"
    },
    {
      "title": "Dehoga und Land prämieren: Das sind Hessens beste Dorfgasthäuser 2026",
      "source_id": "ahgz-all",
      "score": 80,
      "bucket": "gastro_t1"
    },
    {
      "title": "IHG Hotels & Resorts: Crowne Plaza Wien startet noch in diesem Jahr",
      "source_id": "ahgz-all",
      "score": 80,
      "bucket": "gastro_t1"
    },
    {
      "title": "Gourmetgastronomie: Im Supermarkt wird Spitzenküche aufgetischt",
      "source_id": "ahgz-all",
      "score": 80,
      "bucket": "gastro_t1"
    },
    {
      "title": "Tourismus: Reisebranche erwartet im Sommer schlechtere Geschäfte",
      "source_id": "ahgz-all",
      "score": 80,
      "bucket": "gastro_t1"
    }
  ],
  "dropped_titles": [
    {
      "title": "Koalition einigt sich auf Reform der Einkommensteuer",
      "source_id": "tagesschau-wirtschaft",
      "score": 87,
      "bucket": "general_other"
    },
    {
      "title": "Streiks abgewendet: Tarifabschluss bei der Postbank",
      "source_id": "tagesschau-wirtschaft",
      "score": 87,
      "bucket": "general_other"
    },
    {
      "title": "Infineon eröffnet neue Chipfabrik in Dresden",
      "source_id": "tagesschau-wirtschaft",
      "score": 87,
      "bucket": "general_other"
    },
    {
      "title": "Panzerbauer KNDS bläst Börsengang vorerst ab",
      "source_id": "tagesschau-wirtschaft",
      "score": 87,
      "bucket": "general_other"
    },
    {
      "title": "Marktbericht: DAX schafft neues Allzeithoch",
      "source_id": "tagesschau-wirtschaft",
      "score": 87,
      "bucket": "general_other"
    },
    {
      "title": "Wellness: Seehotel Niedernberg mit neuem Spa",
      "source_id": "ahgz-all",
      "score": 80,
      "bucket": "gastro_t1"
    },
    {
      "title": "Influencer Toni Askitis: Wissen über Wein? #asktoni",
      "source_id": "spiegel",
      "score": 80,
      "bucket": "general_keyword"
    },
    {
      "title": "WM 2026 News heute: Portugal rettet sich nach Nachspielzeit-Drama gegen Kroatien ins Achtelfinale",
      "source_id": "spiegel",
      "score": 80,
      "bucket": "general_keyword"
    },
    {
      "title": "Clueso über AfD-Parteitag in Erfurt: »Alle haben Schiss«",
      "source_id": "spiegel",
      "score": 80,
      "bucket": "general_other"
    },
    {
      "title": "Einkommensteuer-Reform: So berechnen Sie die Entlastung für Ihr Einkommen",
      "source_id": "spiegel",
      "score": 80,
      "bucket": "general_other"
    },
    {
      "title": "»Vigil« von George Saunders: Anja Rützel liest das Buch gegen den Zwang zur Milde",
      "source_id": "spiegel",
      "score": 80,
      "bucket": "general_other"
    },
    {
      "title": "Frankreich: Schützt das französische Recht einen Jeffrey-Epstein-Helfer?",
      "source_id": "spiegel",
      "score": 80,
      "bucket": "general_other"
    },
    {
      "title": "Kündigungsschutz: Was die gelockerte Regel für Topverdiener bedeutet",
      "source_id": "spiegel",
      "score": 80,
      "bucket": "general_other"
    },
    {
      "title": "News: Hochzeit von Taylor Swift und Travis Kelce, Khamenei-Beisetzung in Iran, Angriff auf Kyjiw",
      "source_id": "spiegel",
      "score": 80,
      "bucket": "general_other"
    },
    {
      "title": "Kochen: Mit diesen Tipps holen Sie das Beste aus Kräutern heraus",
      "source_id": "spiegel",
      "score": 80,
      "bucket": "general_other"
    },
    {
      "title": "WM 2026: Österreich scheitert klar an Spanien – Erwartungen zu hoch",
      "source_id": "spiegel",
      "score": 80,
      "bucket": "general_other"
    },
    {
      "title": "USA blockieren offenbar Friedensmission in Somalia",
      "source_id": "spiegel",
      "score": 80,
      "bucket": "general_other"
    },
    {
      "title": "Kölner Dom: SPD-Politiker fordert wöchentlichen Gratis-Tag",
      "source_id": "spiegel",
      "score": 80,
      "bucket": "general_other"
    },
    {
      "title": "Hechelnd durch das Dickicht des Kleingedruckten",
      "source_id": "spiegel",
      "score": 80,
      "bucket": "general_other"
    },
    {
      "title": "Taylor Swift und Travis Kelce: Spekulation über Hochzeit in Nashville",
      "source_id": "spiegel",
      "score": 80,
      "bucket": "general_other"
    },
    {
      "title": "Monacos Justiz erlässt Haftbefehl nach Bombenanschlag",
      "source_id": "spiegel",
      "score": 80,
      "bucket": "general_other"
    },
    {
      "title": "Fußball-WM 2026: Spanien zerlegt Österreich mit drei Toren",
      "source_id": "spiegel",
      "score": 80,
      "bucket": "general_other"
    },
    {
      "title": "WM 2026 Live: Drei Erkenntnisse aus Spaniens Sieg gegen Österreich",
      "source_id": "spiegel",
      "score": 80,
      "bucket": "general_other"
    },
    {
      "title": "Hantavirus: WHO erklärt tödlichen Ausbruch auf einem Kreuzfahrtschiff für beendet",
      "source_id": "spiegel",
      "score": 80,
      "bucket": "general_other"
    },
    {
      "title": "Mount Everest: Indien will 30 Jahre alte Leiche bergen",
      "source_id": "spiegel",
      "score": 80,
      "bucket": "general_other"
    },
    {
      "title": "Reformpaket: Opposition und Verbände kritisieren Beschlüsse – Merz und Klingbeil verteidigen es",
      "source_id": "spiegel",
      "score": 80,
      "bucket": "general_other"
    },
    {
      "title": "Washington: Ex-Olympiasportler David Hearn wegen Vandalismus am Reflecting Pool angeklagt",
      "source_id": "spiegel",
      "score": 80,
      "bucket": "general_other"
    },
    {
      "title": "Ifo-Chef Clemens Fuest lobt das Reformpaket der Bundesregierung",
      "source_id": "spiegel",
      "score": 80,
      "bucket": "general_other"
    },
    {
      "title": "Ukraine-Krieg: Selenskyj fordert eigene Patriot-Produktion",
      "source_id": "spiegel",
      "score": 80,
      "bucket": "general_other"
    },
    {
      "title": "Hollywood: Franka Potentes Freunde sind arbeitslos",
      "source_id": "spiegel",
      "score": 80,
      "bucket": "general_other"
    },
    {
      "title": "Albanien: Festnahmen bei »Flamingo-Protesten« in Tirana",
      "source_id": "spiegel",
      "score": 80,
      "bucket": "general_other"
    },
    {
      "title": "Julian Reichelt: Rechts-außen-Portal gewinnt an Einfluss - Podcast Firewall",
      "source_id": "spiegel",
      "score": 80,
      "bucket": "general_other"
    },
    {
      "title": "Israel: Warum Benjamin Netanyahu als Favorit in den Wahlkampf zieht",
      "source_id": "spiegel",
      "score": 80,
      "bucket": "general_other"
    },
    {
      "title": "Donald Trump bezeichnet Deutschlands Nato-Ausgaben als »lächerlich«",
      "source_id": "spiegel",
      "score": 80,
      "bucket": "general_other"
    },
    {
      "title": "Krankschreibungen: Warum Atteste ab dem ersten Tag teuer und wirkungslos sind",
      "source_id": "spiegel",
      "score": 80,
      "bucket": "general_other"
    },
    {
      "title": "Stade: Fatih Khan G. wollte sich offenbar nach der Tat das Leben nehmen",
      "source_id": "spiegel",
      "score": 80,
      "bucket": "general_other"
    },
    {
      "title": "Bruch mit dem Vatikan: Wer sind diese Piusbrüder, die „Rom bekehren“ wollen?",
      "source_id": "faz",
      "score": 76,
      "bucket": "general_keyword"
    },
    {
      "title": "Kanzler und Fussball: Friedrich Merz und das peinlichste Eigentor der WM",
      "source_id": "faz",
      "score": 76,
      "bucket": "general_keyword"
    },
    {
      "title": "Reformen der Koalition: Kein großer Knall, aber ein großes Paket",
      "source_id": "faz",
      "score": 76,
      "bucket": "general_keyword"
    },
    {
      "title": "Japans Billionen-Plan: Zum Fortschritt verdammt",
      "source_id": "faz",
      "score": 76,
      "bucket": "general_keyword"
    },
    {
      "title": "Kolumne „Gesundheitsmythen“: „Der Fruchtzucker aus Obst fällt nicht groß ins Gewicht“",
      "source_id": "faz",
      "score": 76,
      "bucket": "general_keyword"
    },
    {
      "title": "Digitalwirtschaft-Podcast: Wie Roboter, KI und digitale Zwillinge den Bau retten sollen",
      "source_id": "faz",
      "score": 76,
      "bucket": "general_keyword"
    },
    {
      "title": "Nord-Stream-Anschlag: Die Sprengsätze soll er „Geschenke“ genannt haben",
      "source_id": "faz",
      "score": 76,
      "bucket": "general_keyword"
    },
    {
      "title": "Markt für Geschäftsbriefe: Deutsche Post soll einen Steuervorteil verlieren",
      "source_id": "faz",
      "score": 76,
      "bucket": "general_keyword"
    },
    {
      "title": "Hessische Staatsweingüter: Feine Tropfen aus der Schatzkammer des Klosters",
      "source_id": "faz",
      "score": 76,
      "bucket": "general_keyword"
    },
    {
      "title": "250 Jahre USA: „Die Demokraten sind vollständig in der Geldfalle“",
      "source_id": "faz",
      "score": 76,
      "bucket": "general_other"
    },
    {
      "title": "TV-Kritik „Maybrit Illner“: Merz belehrt Illner beim Rechnen – und blamiert sich beim Dienstwagen",
      "source_id": "faz",
      "score": 76,
      "bucket": "general_other"
    },
    {
      "title": "Krankschreibungen: Zu lasch gegen Blaumacher",
      "source_id": "faz",
      "score": 76,
      "bucket": "general_other"
    },
    {
      "title": "Deutschland-Liveblog: Merz und Klingbeil verteidigen neue Regeln bei Krankschreibungen",
      "source_id": "faz",
      "score": 76,
      "bucket": "general_other"
    },
    {
      "title": "Nationalmannschaft: Was bei der Identifikation hilft",
      "source_id": "faz",
      "score": 76,
      "bucket": "general_other"
    }
  ]
}