{
  "timestamp": "2026-05-08T05:03:49+00:00",
  "caps": {
    "HARVEST_CAP": 25,
    "KEYWORD_KEEP": 10,
    "GENERAL_KEEP": 5
  },
  "buckets": {
    "gastro_t1": {
      "total": 18,
      "kept": 16
    },
    "gastro_t2": {
      "total": 8,
      "kept": 0
    },
    "general_keyword": {
      "total": 33,
      "kept": 4
    },
    "general_other": {
      "total": 313,
      "kept": 5
    }
  },
  "totals": {
    "kept": 25,
    "dropped": 339
  },
  "per_source": {
    "ahgz-gastro": {
      "name": "AHGZ Gastronomie",
      "fetched": 25,
      "noise": 0,
      "seen": 23,
      "candidates": 2,
      "errors": []
    },
    "bmel": {
      "name": "BMEL Pressemitteilungen",
      "fetched": 50,
      "noise": 0,
      "seen": 50,
      "candidates": 0,
      "errors": []
    },
    "dehoga-berlin": {
      "name": "DEHOGA Berlin",
      "fetched": 10,
      "noise": 0,
      "seen": 7,
      "candidates": 3,
      "errors": []
    },
    "faz": {
      "name": "FAZ Aktuell",
      "fetched": 127,
      "noise": 0,
      "seen": 56,
      "candidates": 71,
      "errors": []
    },
    "manager-magazin": {
      "name": "Manager Magazin",
      "fetched": 30,
      "noise": 0,
      "seen": 9,
      "candidates": 21,
      "errors": []
    },
    "politico-eu": {
      "name": "Politico EU",
      "fetched": 10,
      "noise": 0,
      "seen": 0,
      "candidates": 10,
      "errors": []
    },
    "scmp": {
      "name": "South China Morning Post",
      "fetched": 50,
      "noise": 0,
      "seen": 0,
      "candidates": 50,
      "errors": []
    },
    "spiegel": {
      "name": "Der Spiegel",
      "fetched": 30,
      "noise": 0,
      "seen": 0,
      "candidates": 30,
      "errors": []
    },
    "tagesschau-wirtschaft": {
      "name": "Tagesschau Wirtschaft",
      "fetched": 30,
      "noise": 0,
      "seen": 22,
      "candidates": 8,
      "errors": []
    },
    "wiwo": {
      "name": "WirtschaftsWoche",
      "fetched": 20,
      "noise": 0,
      "seen": 0,
      "candidates": 20,
      "errors": []
    },
    "ahgz-all": {
      "name": "AHGZ Allgemein",
      "fetched": 25,
      "noise": 0,
      "seen": 13,
      "candidates": 12,
      "errors": []
    },
    "ahgz-suppliers": {
      "name": "AHGZ Zulieferer",
      "fetched": 25,
      "noise": 0,
      "seen": 24,
      "candidates": 1,
      "errors": []
    },
    "dw-de": {
      "name": "Deutsche Welle (DE)",
      "fetched": 87,
      "noise": 0,
      "seen": 72,
      "candidates": 15,
      "errors": []
    },
    "dw-en": {
      "name": "Deutsche Welle (EN)",
      "fetched": 132,
      "noise": 0,
      "seen": 108,
      "candidates": 24,
      "errors": []
    },
    "ec-press": {
      "name": "European Commission Press",
      "fetched": 10,
      "noise": 0,
      "seen": 2,
      "candidates": 8,
      "errors": []
    },
    "efsa-press": {
      "name": "EFSA Press",
      "fetched": 10,
      "noise": 0,
      "seen": 10,
      "candidates": 0,
      "errors": []
    },
    "euobserver": {
      "name": "EUobserver",
      "fetched": 20,
      "noise": 0,
      "seen": 7,
      "candidates": 13,
      "errors": []
    },
    "tagesschau-all": {
      "name": "Tagesschau All",
      "fetched": 67,
      "noise": 0,
      "seen": 17,
      "candidates": 50,
      "errors": []
    },
    "wiwo-politik": {
      "name": "WiWo Politik",
      "fetched": 20,
      "noise": 0,
      "seen": 5,
      "candidates": 15,
      "errors": []
    },
    "zdf-wirtschaft": {
      "name": "ZDFheute Wirtschaft",
      "fetched": 74,
      "noise": 0,
      "seen": 55,
      "candidates": 19,
      "errors": []
    }
  },
  "kept_titles": [
    {
      "title": "DEHOGA-Umfrage: Neue Belastungen drohen – wir bitten um Ihre Unterstützung",
      "source_id": "dehoga-berlin",
      "score": 100,
      "bucket": "gastro_t1"
    },
    {
      "title": "Geplante Krankenkassenreform sieht Zuckerabgabe vor: DEHOGA wiederholt Kritik an Zuckersteuer",
      "source_id": "dehoga-berlin",
      "score": 100,
      "bucket": "gastro_t1"
    },
    {
      "title": "EU schafft endlich A1-Bescheinigungspflicht für kurze Dienstreisen ab",
      "source_id": "dehoga-berlin",
      "score": 100,
      "bucket": "gastro_t1"
    },
    {
      "title": "Gourmetgastronomie: Kulinarischer G7-Gipfel geht in neue Runde",
      "source_id": "ahgz-gastro",
      "score": 93,
      "bucket": "gastro_t1"
    },
    {
      "title": "Rational: Studie – womit Profiküchen zu kämpfen haben",
      "source_id": "ahgz-gastro",
      "score": 93,
      "bucket": "gastro_t1"
    },
    {
      "title": "Tag der Bauindustrie: Was bringt neuen Schwung am Bau?",
      "source_id": "tagesschau-wirtschaft",
      "score": 87,
      "bucket": "general_keyword"
    },
    {
      "title": "Wirtschaft vor acht vom 07.05.2026",
      "source_id": "tagesschau-wirtschaft",
      "score": 87,
      "bucket": "general_keyword"
    },
    {
      "title": "Update Wirtschaft vom 07.05.2026",
      "source_id": "tagesschau-wirtschaft",
      "score": 87,
      "bucket": "general_keyword"
    },
    {
      "title": "Bahn: Schienennetz hat sich 2025 nicht weiter verschlechtert",
      "source_id": "tagesschau-wirtschaft",
      "score": 87,
      "bucket": "general_other"
    },
    {
      "title": "Warum Google jetzt die Zahl gelöschter Bewertungen zeigt",
      "source_id": "tagesschau-wirtschaft",
      "score": 87,
      "bucket": "general_other"
    },
    {
      "title": "EU genehmigt Milliardenförderung für deutsche Industrie",
      "source_id": "tagesschau-wirtschaft",
      "score": 87,
      "bucket": "general_other"
    },
    {
      "title": "Wie der Iran-Krieg den Erneuerbaren zum Boom verhilft",
      "source_id": "tagesschau-wirtschaft",
      "score": 87,
      "bucket": "general_other"
    },
    {
      "title": "Marktbericht: Verlieren die Anleger die Geduld?",
      "source_id": "tagesschau-wirtschaft",
      "score": 87,
      "bucket": "general_other"
    },
    {
      "title": "Betreiberwechsel : Ernst Leitz Hotel richtet sich neu aus",
      "source_id": "ahgz-all",
      "score": 80,
      "bucket": "gastro_t1"
    },
    {
      "title": "Gourmetgastronomie: Kulinarischer G7-Gipfel geht in neue Runde",
      "source_id": "ahgz-all",
      "score": 80,
      "bucket": "gastro_t1"
    },
    {
      "title": "Rational: Studie – womit Profiküchen zu kämpfen haben",
      "source_id": "ahgz-all",
      "score": 80,
      "bucket": "gastro_t1"
    },
    {
      "title": "Passungsprobleme Ausbildungsmarkt: Fast jeder fünfte junge Mensch ohne Berufsabschluss",
      "source_id": "ahgz-all",
      "score": 80,
      "bucket": "gastro_t1"
    },
    {
      "title": "Kommentar: Branche hat sich den Bettensteuer-Kompromiss erkämpft",
      "source_id": "ahgz-all",
      "score": 80,
      "bucket": "gastro_t1"
    },
    {
      "title": "Privathotellerie : Neue Kooperation im Bayerischen Jura stärkt regionale Hotels",
      "source_id": "ahgz-all",
      "score": 80,
      "bucket": "gastro_t1"
    },
    {
      "title": "Ranking Einzelhotels: Das sind die Preisführer der Top 100 Hotels",
      "source_id": "ahgz-all",
      "score": 80,
      "bucket": "gastro_t1"
    },
    {
      "title": "Übernahme: Vom Gut Steinbach ins Tannheimer Tal",
      "source_id": "ahgz-all",
      "score": 80,
      "bucket": "gastro_t1"
    },
    {
      "title": "Frozen Food: „Das italienische Snacking ist stark im Kommen“",
      "source_id": "ahgz-all",
      "score": 80,
      "bucket": "gastro_t1"
    },
    {
      "title": "Trotz Protest: Mainzer Stadtrat beschließt Bettensteuer",
      "source_id": "ahgz-all",
      "score": 80,
      "bucket": "gastro_t1"
    },
    {
      "title": "Bauprojekt: RhönVillage wird konkret",
      "source_id": "ahgz-all",
      "score": 80,
      "bucket": "gastro_t1"
    },
    {
      "title": "Rezepte für Drinks: Diese perfekten Getränke für Geburtstag, Schwangerschaft, Trennung",
      "source_id": "spiegel",
      "score": 80,
      "bucket": "general_keyword"
    }
  ],
  "dropped_titles": [
    {
      "title": "Steuerschätzung: Welche Probleme die geringeren Einnahmen verschärfen",
      "source_id": "spiegel",
      "score": 80,
      "bucket": "general_keyword"
    },
    {
      "title": "Donald Trump und der Krieg gegen Iran: Die Raketen fliegen, Trump schlingert",
      "source_id": "spiegel",
      "score": 80,
      "bucket": "general_other"
    },
    {
      "title": "Kriegsende: Sollte der 8. Mai auch in Deutschland Feiertag sein? »Ja!« sagt die eine, »Nein!« der andere",
      "source_id": "spiegel",
      "score": 80,
      "bucket": "general_other"
    },
    {
      "title": "VAR in der Bundesliga: Drei Experten fordern Ende der Abseits-Erkennung SAOT",
      "source_id": "spiegel",
      "score": 80,
      "bucket": "general_other"
    },
    {
      "title": "Aldous Harding, neues Album »Train on the Island«: Aldous im Wunderland",
      "source_id": "spiegel",
      "score": 80,
      "bucket": "general_other"
    },
    {
      "title": "Donald Trump vs. Papst Leo: Die Chronik einer Eskalation",
      "source_id": "spiegel",
      "score": 80,
      "bucket": "general_other"
    },
    {
      "title": "News: Keir Starmer, Nigel Farage, Marco Rubio, Papst Leo XIV., Iran, Donald Trump, Hantavirus, MV Hondius",
      "source_id": "spiegel",
      "score": 80,
      "bucket": "general_other"
    },
    {
      "title": "Mark Hamill: »Luke Skywalker« aus Star Wars empört Weißes Haus mit Bild von Trump im Grab",
      "source_id": "spiegel",
      "score": 80,
      "bucket": "general_other"
    },
    {
      "title": "Kash Patel: FBI-Chef verschenkte Custom-Whiskey-Flaschen mit Logo seiner Behörde",
      "source_id": "spiegel",
      "score": 80,
      "bucket": "general_other"
    },
    {
      "title": "Iran-Krieg: USA und Iran beschießen sich in Straße von Hormus",
      "source_id": "spiegel",
      "score": 80,
      "bucket": "general_other"
    },
    {
      "title": "US-Gericht erklärt Donald Trumps globalen Zehn-Prozent-Zoll für unrechtmäßig",
      "source_id": "spiegel",
      "score": 80,
      "bucket": "general_other"
    },
    {
      "title": "Freiburg erreicht Europa-League-Finale: 84 Minuten Überzahl und »Ginter für Deutschland«-Rufe",
      "source_id": "spiegel",
      "score": 80,
      "bucket": "general_other"
    },
    {
      "title": "Wetter in Deutschland: Wechselhaft statt Frost zu den Eisheiligen",
      "source_id": "spiegel",
      "score": 80,
      "bucket": "general_other"
    },
    {
      "title": "Putins Krieg: USA und Ukraine wollen Gespräche in Florida wieder aufnehmen",
      "source_id": "spiegel",
      "score": 80,
      "bucket": "general_other"
    },
    {
      "title": "Bad Rappenau: Verdächtiger nach Fund von Frauenleiche in Auto gefasst",
      "source_id": "spiegel",
      "score": 80,
      "bucket": "general_other"
    },
    {
      "title": "Amokfahrt in Leipzig: Verdächtiger hat seine Tat in Chatnachricht angedeutet",
      "source_id": "spiegel",
      "score": 80,
      "bucket": "general_other"
    },
    {
      "title": "Iran: USA fordern Freilassung von Nobelpreisträgerin Narges Mohammadi",
      "source_id": "spiegel",
      "score": 80,
      "bucket": "general_other"
    },
    {
      "title": "Donald Trump: US-Präsident setzt EU Frist für Umsetzung des Zolldeals",
      "source_id": "spiegel",
      "score": 80,
      "bucket": "general_other"
    },
    {
      "title": "Die Linke: Nur 2850 Euro netto für Bundestagsabgeordnete? Gutachten bezweifelt Rechtmäßigkeit",
      "source_id": "spiegel",
      "score": 80,
      "bucket": "general_other"
    },
    {
      "title": "Hantavirus: Am Sonntag macht die »Hondius« auf Teneriffa fest – die Spanier sind getriggert",
      "source_id": "spiegel",
      "score": 80,
      "bucket": "general_other"
    },
    {
      "title": "Biennale: Weltkunstschau voller Körperlich – die Urinale von Venedig",
      "source_id": "spiegel",
      "score": 80,
      "bucket": "general_other"
    },
    {
      "title": "Karoline Leavitt: Sprecherin von Donald Trump bringt Tochter zur Welt",
      "source_id": "spiegel",
      "score": 80,
      "bucket": "general_other"
    },
    {
      "title": "Bundeswehr: Diese Städte bekommen neue Zentren für die Musterung",
      "source_id": "spiegel",
      "score": 80,
      "bucket": "general_other"
    },
    {
      "title": "Bundestag: Linke und AfD scheitern erneut bei Wahl ins Kontrollgremium",
      "source_id": "spiegel",
      "score": 80,
      "bucket": "general_other"
    },
    {
      "title": "Friedrich Merz erreicht Tiefstwert bei Zustimmungswerten",
      "source_id": "spiegel",
      "score": 80,
      "bucket": "general_other"
    },
    {
      "title": "Euskirchen in NRW: Das ist über den mutmaßlichen Korruptionsskandal in der JVA bekannt",
      "source_id": "spiegel",
      "score": 80,
      "bucket": "general_other"
    },
    {
      "title": "Real Madrid: Federico Valverde nach Streit mit Aurélien Tchouameni im Krankenhaus",
      "source_id": "spiegel",
      "score": 80,
      "bucket": "general_other"
    },
    {
      "title": "Alice Sara Ott - neues Album »Jóhann Jóhannsson: Piano Works«: Voller Aura und Zauber",
      "source_id": "spiegel",
      "score": 80,
      "bucket": "general_other"
    },
    {
      "title": "Russland: Kreml lädt ausländische Journalisten von Militärparade aus",
      "source_id": "spiegel",
      "score": 80,
      "bucket": "general_other"
    },
    {
      "title": "Krise in mali: Zahlreiche Tote bei Angriff von Dschihadistenmiliz",
      "source_id": "faz",
      "score": 76,
      "bucket": "general_keyword"
    },
    {
      "title": "Zu wenig Geburten: Deutschland ohne Kinder",
      "source_id": "faz",
      "score": 76,
      "bucket": "general_keyword"
    },
    {
      "title": "Sinkender Konsum: Warum junge Leute weniger Alkohol trinken",
      "source_id": "faz",
      "score": 76,
      "bucket": "general_keyword"
    },
    {
      "title": "Ermordeter Lehrer: Soll Samuel Paty ins Panthéon?",
      "source_id": "faz",
      "score": 76,
      "bucket": "general_keyword"
    },
    {
      "title": "Feta-Kochbuch: Vegetarisches von einer Feta-Besessenen",
      "source_id": "faz",
      "score": 76,
      "bucket": "general_keyword"
    },
    {
      "title": "Wiesbaden setzt auf Gesundheit: „Kongresszentrum Topadresse für Medizinbranche“",
      "source_id": "faz",
      "score": 76,
      "bucket": "general_keyword"
    },
    {
      "title": "Möblierte Wohnungen: Hamburg geht gegen Kurzzeitvermieter vor",
      "source_id": "faz",
      "score": 76,
      "bucket": "general_keyword"
    },
    {
      "title": "Ärger mit E-Scootern: „Hat denen jemand ins Gehirn geschissen?“",
      "source_id": "faz",
      "score": 76,
      "bucket": "general_other"
    },
    {
      "title": "Liveblog Irankrieg: Nach Beschuss von US-Kriegsschiff: USA greifen iranische Ziele an",
      "source_id": "faz",
      "score": 76,
      "bucket": "general_other"
    },
    {
      "title": "TV-Kritik Maybrit Illner: Wer hat Angst vor der KI-Revolution?",
      "source_id": "faz",
      "score": 76,
      "bucket": "general_other"
    },
    {
      "title": "Handelspolitik: Gericht stoppt Trumps Ersatzzölle",
      "source_id": "faz",
      "score": 76,
      "bucket": "general_other"
    },
    {
      "title": "F.a.Z. Frühdenker: Die Commerzbank-Strategie gegen eine Übernahme durch Unicredit",
      "source_id": "faz",
      "score": 76,
      "bucket": "general_other"
    },
    {
      "title": "Tipps für den Sommerurlaub: Darf der Urlaub nachträglich teurer werden?",
      "source_id": "faz",
      "score": 76,
      "bucket": "general_other"
    },
    {
      "title": "Versorgung im Alter: Bisher 35.700 Euro für die Pflege der eigenen Mutter",
      "source_id": "faz",
      "score": 76,
      "bucket": "general_other"
    },
    {
      "title": "Deutsche Bahn: Die veraltete Infrastruktur der Bahn nervt",
      "source_id": "faz",
      "score": 76,
      "bucket": "general_other"
    },
    {
      "title": "Afd in Sachsen-Anhalt: Vor der Machtübernahme?",
      "source_id": "faz",
      "score": 76,
      "bucket": "general_other"
    },
    {
      "title": "Sudetendeutscher Tag: Was die Populistenkoalition in Prag anrichtet",
      "source_id": "faz",
      "score": 76,
      "bucket": "general_other"
    },
    {
      "title": "Zu Podcast „ungeskriptet“: Esken macht es Höcke leicht",
      "source_id": "faz",
      "score": 76,
      "bucket": "general_other"
    },
    {
      "title": "Bundeswehr: An der Wehrpflicht führt kein Weg vorbei",
      "source_id": "faz",
      "score": 76,
      "bucket": "general_other"
    },
    {
      "title": "Liveblog USA unter Trump: Trump setzt EU im Zollstreit Frist bis 4. Juli",
      "source_id": "faz",
      "score": 76,
      "bucket": "general_other"
    },
    {
      "title": "3:1 gegen Braga: Der SC Freiburg steht erstmals im Europapokalfinale",
      "source_id": "faz",
      "score": 76,
      "bucket": "general_other"
    }
  ]
}