{
  "timestamp": "2026-05-03T05:03:27+00:00",
  "caps": {
    "HARVEST_CAP": 25,
    "KEYWORD_KEEP": 10,
    "GENERAL_KEEP": 5
  },
  "buckets": {
    "gastro_t1": {
      "total": 5,
      "kept": 5
    },
    "gastro_t2": {
      "total": 2,
      "kept": 2
    },
    "general_keyword": {
      "total": 28,
      "kept": 10
    },
    "general_other": {
      "total": 299,
      "kept": 5
    }
  },
  "totals": {
    "kept": 22,
    "dropped": 308
  },
  "per_source": {
    "ahgz-gastro": {
      "name": "AHGZ Gastronomie",
      "fetched": 25,
      "noise": 0,
      "seen": 24,
      "candidates": 1,
      "errors": []
    },
    "bmel": {
      "name": "BMEL Pressemitteilungen",
      "fetched": 50,
      "noise": 0,
      "seen": 50,
      "candidates": 0,
      "errors": []
    },
    "dehoga-berlin": {
      "name": "DEHOGA Berlin",
      "fetched": 10,
      "noise": 0,
      "seen": 9,
      "candidates": 1,
      "errors": []
    },
    "faz": {
      "name": "FAZ Aktuell",
      "fetched": 123,
      "noise": 0,
      "seen": 52,
      "candidates": 71,
      "errors": []
    },
    "manager-magazin": {
      "name": "Manager Magazin",
      "fetched": 30,
      "noise": 0,
      "seen": 16,
      "candidates": 14,
      "errors": []
    },
    "politico-eu": {
      "name": "Politico EU",
      "fetched": 10,
      "noise": 0,
      "seen": 0,
      "candidates": 10,
      "errors": []
    },
    "scmp": {
      "name": "South China Morning Post",
      "fetched": 50,
      "noise": 0,
      "seen": 0,
      "candidates": 50,
      "errors": []
    },
    "spiegel": {
      "name": "Der Spiegel",
      "fetched": 30,
      "noise": 0,
      "seen": 0,
      "candidates": 30,
      "errors": []
    },
    "tagesschau-wirtschaft": {
      "name": "Tagesschau Wirtschaft",
      "fetched": 56,
      "noise": 0,
      "seen": 48,
      "candidates": 8,
      "errors": []
    },
    "wiwo": {
      "name": "WirtschaftsWoche",
      "fetched": 20,
      "noise": 0,
      "seen": 2,
      "candidates": 18,
      "errors": []
    },
    "ahgz-all": {
      "name": "AHGZ Allgemein",
      "fetched": 25,
      "noise": 0,
      "seen": 22,
      "candidates": 3,
      "errors": []
    },
    "ahgz-suppliers": {
      "name": "AHGZ Zulieferer",
      "fetched": 25,
      "noise": 0,
      "seen": 25,
      "candidates": 0,
      "errors": []
    },
    "dw-de": {
      "name": "Deutsche Welle (DE)",
      "fetched": 85,
      "noise": 0,
      "seen": 66,
      "candidates": 19,
      "errors": []
    },
    "dw-en": {
      "name": "Deutsche Welle (EN)",
      "fetched": 126,
      "noise": 0,
      "seen": 102,
      "candidates": 24,
      "errors": []
    },
    "ec-press": {
      "name": "European Commission Press",
      "fetched": 10,
      "noise": 0,
      "seen": 8,
      "candidates": 2,
      "errors": []
    },
    "efsa-press": {
      "name": "EFSA Press",
      "fetched": 10,
      "noise": 0,
      "seen": 10,
      "candidates": 0,
      "errors": []
    },
    "euobserver": {
      "name": "EUobserver",
      "fetched": 20,
      "noise": 0,
      "seen": 15,
      "candidates": 5,
      "errors": []
    },
    "tagesschau-all": {
      "name": "Tagesschau All",
      "fetched": 58,
      "noise": 0,
      "seen": 14,
      "candidates": 44,
      "errors": []
    },
    "wiwo-politik": {
      "name": "WiWo Politik",
      "fetched": 20,
      "noise": 0,
      "seen": 1,
      "candidates": 19,
      "errors": []
    },
    "zdf-wirtschaft": {
      "name": "ZDFheute Wirtschaft",
      "fetched": 79,
      "noise": 0,
      "seen": 64,
      "candidates": 15,
      "errors": []
    }
  },
  "kept_titles": [
    {
      "title": "Aktionswoche Zu gut für die Tonne! 2026 „Alles auf dem Zettel!“ ab 29. September",
      "source_id": "dehoga-berlin",
      "score": 96,
      "bucket": "gastro_t1"
    },
    {
      "title": "Außenbewirtung: \"Terrassengebühren\" in Rheinland-Pfalz in Trier am höchsten",
      "source_id": "ahgz-gastro",
      "score": 88,
      "bucket": "gastro_t1"
    },
    {
      "title": "Trumps Zölle würden deutsche Hersteller laut Experten besonders treffen",
      "source_id": "tagesschau-wirtschaft",
      "score": 87,
      "bucket": "general_other"
    },
    {
      "title": "EU reagiert diplomatisch, aber deutlich auf Trumps Zolldrohung",
      "source_id": "tagesschau-wirtschaft",
      "score": 87,
      "bucket": "general_other"
    },
    {
      "title": "Festgeld, Anleihen und Bauzinsen: Warum die Zinswende längst läuft",
      "source_id": "tagesschau-wirtschaft",
      "score": 87,
      "bucket": "general_other"
    },
    {
      "title": "Was die Übernahme von Tegut für Kunden und Erzeuger bedeutet",
      "source_id": "tagesschau-wirtschaft",
      "score": 87,
      "bucket": "general_other"
    },
    {
      "title": "OPEC ohne die VAE - was heißt das für die Öl- und Spritpreise?",
      "source_id": "tagesschau-wirtschaft",
      "score": 82,
      "bucket": "general_other"
    },
    {
      "title": "Studie zum Reiseverhalten: Boomer reisen nachhaltiger als Jüngere",
      "source_id": "ahgz-all",
      "score": 80,
      "bucket": "gastro_t1"
    },
    {
      "title": "Ifo-Präsident Clemens Fuest warnt wegen US-Strafzöllen vor Rezession in Deutschland",
      "source_id": "spiegel",
      "score": 80,
      "bucket": "general_keyword"
    },
    {
      "title": "Ein Jahr Schwarz-rot: Wenn Reformpolitik darin besteht, den Bürgern noch mehr Geld abzuverlangen",
      "source_id": "faz",
      "score": 76,
      "bucket": "general_keyword"
    },
    {
      "title": "Gesundheitsreform: Die Lösungen sind nicht von Dauer",
      "source_id": "faz",
      "score": 76,
      "bucket": "general_keyword"
    },
    {
      "title": "Luxusimmobilie: 24 Millionen Euro für die Swarovski-Insel",
      "source_id": "faz",
      "score": 76,
      "bucket": "general_keyword"
    },
    {
      "title": "Ein Norwegisches Paradox: Edle Tropfen, günstig abzugeben",
      "source_id": "faz",
      "score": 76,
      "bucket": "general_keyword"
    },
    {
      "title": "Energiewende: Deutlich weniger neue Solaranlagen auf Dächern und Balkonen",
      "source_id": "faz",
      "score": 76,
      "bucket": "general_keyword"
    },
    {
      "title": "Die Kolumne Küchenhilfe: Schluss mit Butter und Hollandaise!",
      "source_id": "faz",
      "score": 76,
      "bucket": "general_keyword"
    },
    {
      "title": "Schauspieler Merlin Sandmeyer: Ein Typ wie von 'nem anderen Stern",
      "source_id": "faz",
      "score": 76,
      "bucket": "general_keyword"
    },
    {
      "title": "Neue Kellerei in Eltville: Der Präsident baut gegen den Pessimismus",
      "source_id": "faz",
      "score": 76,
      "bucket": "general_keyword"
    },
    {
      "title": "So isst Politik: Nervennahrung für Beamte in der Krise",
      "source_id": "faz",
      "score": 76,
      "bucket": "general_keyword"
    },
    {
      "title": "Außenbewirtung: \"Terrassengebühren\" in Rheinland-Pfalz in Trier am höchsten",
      "source_id": "ahgz-all",
      "score": 75,
      "bucket": "gastro_t1"
    },
    {
      "title": "Wellness: Neues Bade-Erlebnis in Werfenweng",
      "source_id": "ahgz-all",
      "score": 70,
      "bucket": "gastro_t1"
    },
    {
      "title": "EU leaders reaffirm solidarity with Middle East partners and double down on support to Ukraine",
      "source_id": "ec-press",
      "score": 65,
      "bucket": "gastro_t2"
    },
    {
      "title": "EU and Armenia deepen their relations in a first Summit in Yerevan",
      "source_id": "ec-press",
      "score": 60,
      "bucket": "gastro_t2"
    }
  ],
  "dropped_titles": [
    {
      "title": "\"Druschba\"-Pipeline: Was der Öl-Stopp für Deutschland bedeutet",
      "source_id": "tagesschau-wirtschaft",
      "score": 82,
      "bucket": "general_other"
    },
    {
      "title": "Tankrabatt drückt Spritpreise laut ADAC trotz Mittagssprung",
      "source_id": "tagesschau-wirtschaft",
      "score": 82,
      "bucket": "general_other"
    },
    {
      "title": "Bahn bietet künftig Last-Minute-Tickets an",
      "source_id": "tagesschau-wirtschaft",
      "score": 82,
      "bucket": "general_other"
    },
    {
      "title": "Durchziehschärfer im Test: Nur mal schnell die Messer schärfen",
      "source_id": "spiegel",
      "score": 80,
      "bucket": "general_other"
    },
    {
      "title": "Sexuelle Unlust: Sexualberaterin erklärt, wie das Drei-Minuten-Spiel hilft",
      "source_id": "spiegel",
      "score": 80,
      "bucket": "general_other"
    },
    {
      "title": "Sex im Alter: Wie Ältere Sex neu erfinden – und Frauen profitieren",
      "source_id": "spiegel",
      "score": 80,
      "bucket": "general_other"
    },
    {
      "title": "Australien: Kumanjayi Little Baby in Alice Springs getötet - Polizei klagt 47-Jährigen wegen Mordes an",
      "source_id": "spiegel",
      "score": 80,
      "bucket": "general_other"
    },
    {
      "title": "Nina Chuba über Therapie: »Ich empfehle es jedem«",
      "source_id": "spiegel",
      "score": 80,
      "bucket": "general_other"
    },
    {
      "title": "Donald Trump will »weit mehr als 5000« US-Soldaten aus Deutschland abziehen",
      "source_id": "spiegel",
      "score": 80,
      "bucket": "general_other"
    },
    {
      "title": "Tischtennis-WM: China verliert Spiel bei Weltmeisterschaft – erstmals seit 26 Jahren",
      "source_id": "spiegel",
      "score": 80,
      "bucket": "general_other"
    },
    {
      "title": "Frankreich: 40.000 Menschen feiern illegale Technoparty auf Militärgelände",
      "source_id": "spiegel",
      "score": 80,
      "bucket": "general_other"
    },
    {
      "title": "USA: Pharmafirma zieht wegen Abtreibungspille vor Supreme Court",
      "source_id": "spiegel",
      "score": 80,
      "bucket": "general_other"
    },
    {
      "title": "2. Bundesliga: Schalke 04 kehrt nach drei Jahren in die Bundesliga zurück",
      "source_id": "spiegel",
      "score": 80,
      "bucket": "general_other"
    },
    {
      "title": "Comedianne Megan Stalter: »Ich glaube an Jesus und an Gott und ich bin Gay«",
      "source_id": "spiegel",
      "score": 80,
      "bucket": "general_other"
    },
    {
      "title": "Ostsee-Wal »Timmy«: Experten alarmiert – Rätsel um verschwundene Senderdaten",
      "source_id": "spiegel",
      "score": 80,
      "bucket": "general_other"
    },
    {
      "title": "Donald Trump über Saudi-Arabiens Kronprinzen: »Er muss jetzt nett zu mir sein«",
      "source_id": "spiegel",
      "score": 80,
      "bucket": "general_other"
    },
    {
      "title": "Im Sprint zeigen Norris und Piastri, dass McLaren zurück ist",
      "source_id": "spiegel",
      "score": 80,
      "bucket": "general_other"
    },
    {
      "title": "Championship: Ed Sheeran und Ipswich Town feiern Aufstieg, Ryan Reynolds' AFC Wrexham bleibt zweitklassig",
      "source_id": "spiegel",
      "score": 80,
      "bucket": "general_other"
    },
    {
      "title": "Hipp-Erpressung in Österreich: Polizei nimmt Verdächtigen fest",
      "source_id": "spiegel",
      "score": 80,
      "bucket": "general_other"
    },
    {
      "title": "USA und Deutschland: Republikaner kritisieren Trumps Abzug von 5000 Soldaten",
      "source_id": "spiegel",
      "score": 80,
      "bucket": "general_other"
    },
    {
      "title": "Iran-Krieg/Dubai: Emirate öffnen nach Waffenruhe ihren Luftraum schrittweise",
      "source_id": "spiegel",
      "score": 80,
      "bucket": "general_other"
    },
    {
      "title": "Fußball-Bundesliga: Bayern München rettet Remis in der Nachspielzeit, Hamburger SV schlägt Eintracht Frankfurt",
      "source_id": "spiegel",
      "score": 80,
      "bucket": "general_other"
    },
    {
      "title": "Ostsee-Wal »Timmy« im Video: Der Meeressäuger ist zurück in der Nordsee",
      "source_id": "spiegel",
      "score": 80,
      "bucket": "general_other"
    },
    {
      "title": "Champions League der Frauen: Jule Brand schießt Olympique Lyon ins Finale",
      "source_id": "spiegel",
      "score": 80,
      "bucket": "general_other"
    },
    {
      "title": "Nach Verhandlungen mit Jindal Steel: Thyssenkrupp will Stahlsparte vorerst doch behalten",
      "source_id": "spiegel",
      "score": 80,
      "bucket": "general_other"
    },
    {
      "title": "Tankrabatt: Diesel und Benzin müssten laut ADAC drei Cent günstiger sein",
      "source_id": "spiegel",
      "score": 80,
      "bucket": "general_other"
    },
    {
      "title": "USA zieht Truppen ab: Wie der Zorn von Donald Trump Deutschland trifft",
      "source_id": "spiegel",
      "score": 80,
      "bucket": "general_other"
    },
    {
      "title": "Xatar: ARD-Serie über Rapper - Ganz unten. Ganz oben. Und wieder zurück",
      "source_id": "spiegel",
      "score": 80,
      "bucket": "general_other"
    },
    {
      "title": "Hobby Horsing: Die besten Bilder der Deutschen Meisterschaften in Frankfurt am Main",
      "source_id": "spiegel",
      "score": 80,
      "bucket": "general_other"
    },
    {
      "title": "Gaza: Ratten und Parasiten breiten sich in Zeltlagern aus",
      "source_id": "spiegel",
      "score": 80,
      "bucket": "general_other"
    },
    {
      "title": "Grillen: Jeder, der Tiere isst, sollte sich einmal ansehen, wie ein Tier stirbt",
      "source_id": "spiegel",
      "score": 80,
      "bucket": "general_other"
    },
    {
      "title": "Sigmund Freud: Wie aktuell sind seine Theorien heute? - Podcast",
      "source_id": "spiegel",
      "score": 80,
      "bucket": "general_other"
    },
    {
      "title": "Liveblog USA unter Trump: Trump will „deutlich mehr als 5000“ US-Soldaten aus Deutschland abziehen",
      "source_id": "faz",
      "score": 76,
      "bucket": "general_other"
    },
    {
      "title": "US-Truppenabzug: Welche Einheiten könnten betroffen sein?",
      "source_id": "faz",
      "score": 76,
      "bucket": "general_other"
    },
    {
      "title": "Liveblog Ukrainekrieg: Nordkoreas Partei lobt Einsatz junger Soldaten in der Ukraine",
      "source_id": "faz",
      "score": 76,
      "bucket": "general_other"
    },
    {
      "title": "Gratis-Konzert in Rio: Shakira sprengt an der Copacabana die Dimensionen",
      "source_id": "faz",
      "score": 76,
      "bucket": "general_other"
    },
    {
      "title": "Sieg gegen Fortuna: Schalke 04 zurück in der Bundesliga",
      "source_id": "faz",
      "score": 76,
      "bucket": "general_other"
    },
    {
      "title": "Wo ist der Buckelwal?: Walforscher: Keine Daten wären „eine Katastrophe“",
      "source_id": "faz",
      "score": 76,
      "bucket": "general_other"
    },
    {
      "title": "Mehr Fußgänger- und Verkehrstote: Die Nackten sind die Toten",
      "source_id": "faz",
      "score": 76,
      "bucket": "general_other"
    },
    {
      "title": "Liveblog Irankrieg: Trump schließt neue Angriffe auf Iran nicht aus",
      "source_id": "faz",
      "score": 76,
      "bucket": "general_other"
    },
    {
      "title": "Klimaschutz: Das Heizungsgesetz ist und bleibt Murks",
      "source_id": "faz",
      "score": 76,
      "bucket": "general_other"
    },
    {
      "title": "Musk gegen Altman: Ein „Volltrottel von Weltklasse“",
      "source_id": "faz",
      "score": 76,
      "bucket": "general_other"
    },
    {
      "title": "Straße von Hormus: Die NATO in der Bredouille",
      "source_id": "faz",
      "score": 76,
      "bucket": "general_other"
    },
    {
      "title": "Skandal auf Kunstbiennale: Schlachtfeld Venedig",
      "source_id": "faz",
      "score": 76,
      "bucket": "general_other"
    },
    {
      "title": "Airline-Aufschläge: Die Getriebenen",
      "source_id": "faz",
      "score": 76,
      "bucket": "general_other"
    },
    {
      "title": "Grand Prix: Antonelli schnappt sich Formel-1-Pole in Miami",
      "source_id": "faz",
      "score": 76,
      "bucket": "general_other"
    },
    {
      "title": "2462 Meter hoch: Asche des Vulkans Mayon begräbt Dutzende Dörfer auf den Philippinen",
      "source_id": "faz",
      "score": 76,
      "bucket": "general_other"
    },
    {
      "title": "Inhaftierte Aktivistin: Friedensnobelpreisträgerin Mohammadi auf Intensivstation verlegt",
      "source_id": "faz",
      "score": 76,
      "bucket": "general_other"
    },
    {
      "title": "Auf Militärgelände: Bis zu 40.000 Teilnehmer auf illegalem Rave in Frankreich",
      "source_id": "faz",
      "score": 76,
      "bucket": "general_other"
    },
    {
      "title": "Mike Bird über Landbesitz: Wenn Eigentum dem Fortschritt im Weg steht",
      "source_id": "faz",
      "score": 76,
      "bucket": "general_other"
    }
  ]
}