{
  "timestamp": "2026-06-30T04:00:11+00:00",
  "caps": {
    "HARVEST_CAP": 25,
    "KEYWORD_KEEP": 10,
    "GENERAL_KEEP": 5
  },
  "buckets": {
    "gastro_t1": {
      "total": 18,
      "kept": 14
    },
    "gastro_t2": {
      "total": 6,
      "kept": 0
    },
    "general_keyword": {
      "total": 31,
      "kept": 6
    },
    "general_other": {
      "total": 311,
      "kept": 5
    }
  },
  "totals": {
    "kept": 25,
    "dropped": 331
  },
  "per_source": {
    "ahgz-gastro": {
      "name": "AHGZ Gastronomie",
      "fetched": 25,
      "noise": 0,
      "seen": 25,
      "candidates": 0,
      "errors": []
    },
    "bmel": {
      "name": "BMEL Pressemitteilungen",
      "fetched": 50,
      "noise": 0,
      "seen": 50,
      "candidates": 0,
      "errors": []
    },
    "dehoga-berlin": {
      "name": "DEHOGA Berlin",
      "fetched": 0,
      "noise": 0,
      "seen": 0,
      "candidates": 0,
      "errors": []
    },
    "faz": {
      "name": "FAZ Aktuell",
      "fetched": 102,
      "noise": 0,
      "seen": 20,
      "candidates": 82,
      "errors": []
    },
    "manager-magazin": {
      "name": "Manager Magazin",
      "fetched": 24,
      "noise": 0,
      "seen": 8,
      "candidates": 16,
      "errors": []
    },
    "politico-eu": {
      "name": "Politico EU",
      "fetched": 10,
      "noise": 0,
      "seen": 1,
      "candidates": 9,
      "errors": []
    },
    "scmp": {
      "name": "South China Morning Post",
      "fetched": 50,
      "noise": 0,
      "seen": 0,
      "candidates": 50,
      "errors": []
    },
    "spiegel": {
      "name": "Der Spiegel",
      "fetched": 30,
      "noise": 0,
      "seen": 0,
      "candidates": 30,
      "errors": []
    },
    "tagesschau-wirtschaft": {
      "name": "Tagesschau Wirtschaft",
      "fetched": 23,
      "noise": 0,
      "seen": 13,
      "candidates": 10,
      "errors": []
    },
    "wiwo": {
      "name": "WirtschaftsWoche",
      "fetched": 20,
      "noise": 0,
      "seen": 1,
      "candidates": 19,
      "errors": []
    },
    "ahgz-all": {
      "name": "AHGZ Allgemein",
      "fetched": 25,
      "noise": 0,
      "seen": 11,
      "candidates": 14,
      "errors": []
    },
    "ahgz-suppliers": {
      "name": "AHGZ Zulieferer",
      "fetched": 25,
      "noise": 0,
      "seen": 21,
      "candidates": 4,
      "errors": []
    },
    "dw-de": {
      "name": "Deutsche Welle (DE)",
      "fetched": 84,
      "noise": 0,
      "seen": 66,
      "candidates": 18,
      "errors": []
    },
    "dw-en": {
      "name": "Deutsche Welle (EN)",
      "fetched": 145,
      "noise": 0,
      "seen": 125,
      "candidates": 20,
      "errors": []
    },
    "ec-press": {
      "name": "European Commission Press",
      "fetched": 10,
      "noise": 0,
      "seen": 4,
      "candidates": 6,
      "errors": []
    },
    "efsa-press": {
      "name": "EFSA Press",
      "fetched": 10,
      "noise": 0,
      "seen": 10,
      "candidates": 0,
      "errors": []
    },
    "euobserver": {
      "name": "EUobserver",
      "fetched": 20,
      "noise": 0,
      "seen": 9,
      "candidates": 11,
      "errors": []
    },
    "tagesschau-all": {
      "name": "Tagesschau All",
      "fetched": 71,
      "noise": 0,
      "seen": 18,
      "candidates": 53,
      "errors": []
    },
    "wiwo-politik": {
      "name": "WiWo Politik",
      "fetched": 20,
      "noise": 0,
      "seen": 5,
      "candidates": 15,
      "errors": []
    },
    "zdf-wirtschaft": {
      "name": "ZDFheute Wirtschaft",
      "fetched": 71,
      "noise": 0,
      "seen": 62,
      "candidates": 9,
      "errors": []
    }
  },
  "kept_titles": [
    {
      "title": "Privatbanken: Was folgt aus dem Fall Berenberg?",
      "source_id": "tagesschau-wirtschaft",
      "score": 87,
      "bucket": "general_keyword"
    },
    {
      "title": "Wirtschaft vor acht vom 29.06.2026",
      "source_id": "tagesschau-wirtschaft",
      "score": 87,
      "bucket": "general_keyword"
    },
    {
      "title": "Update Wirtschaft vom 29.06.2026",
      "source_id": "tagesschau-wirtschaft",
      "score": 87,
      "bucket": "general_keyword"
    },
    {
      "title": "Südkorea will fast 600 Milliarden Euro für neue Chipfabriken investieren",
      "source_id": "tagesschau-wirtschaft",
      "score": 87,
      "bucket": "general_other"
    },
    {
      "title": "Insolvenzverfahren: Deko-Kette Depot schließt weitere 66 Filialen",
      "source_id": "tagesschau-wirtschaft",
      "score": 87,
      "bucket": "general_other"
    },
    {
      "title": "Tankrabatt laut ifo-Institut nur zum Teil weitergegeben",
      "source_id": "tagesschau-wirtschaft",
      "score": 87,
      "bucket": "general_other"
    },
    {
      "title": "11KM-Podcast: Weltraummacht Deutschland? Streit um Zuständigkeiten",
      "source_id": "tagesschau-wirtschaft",
      "score": 87,
      "bucket": "general_other"
    },
    {
      "title": "Forschende warnen vor unkritischer KI-Nutzung",
      "source_id": "tagesschau-wirtschaft",
      "score": 87,
      "bucket": "general_other"
    },
    {
      "title": "Um- und Anbau: Modernisierung des Hotels Atlantic Hamburg geht in die nächste Phase",
      "source_id": "ahgz-all",
      "score": 80,
      "bucket": "gastro_t1"
    },
    {
      "title": "Spültechnik: Geschäftsführer Manfred Kohler verlässt Hobart",
      "source_id": "ahgz-all",
      "score": 80,
      "bucket": "gastro_t1"
    },
    {
      "title": "Franchise-Projekte: Accor und GCH Hotel Group erweitern strategische Partnerschaft",
      "source_id": "ahgz-all",
      "score": 80,
      "bucket": "gastro_t1"
    },
    {
      "title": "Flae Robotics: KI-Rezeptionist startet in Deutschland und Österreich",
      "source_id": "ahgz-all",
      "score": 80,
      "bucket": "gastro_t1"
    },
    {
      "title": "Traditionsunternehmen: Darbovens neuer Außer-Haus-Chef",
      "source_id": "ahgz-all",
      "score": 80,
      "bucket": "gastro_t1"
    },
    {
      "title": "Finance & Controlling: Althoff Hotels Schweiz legt Schwerpunkt auf Finanzentwicklung",
      "source_id": "ahgz-all",
      "score": 80,
      "bucket": "gastro_t1"
    },
    {
      "title": "Technologie: Wie die Buchhaltung in Hotels digitalisiert werden kann",
      "source_id": "ahgz-all",
      "score": 80,
      "bucket": "gastro_t1"
    },
    {
      "title": "Blackout in Berlin: Hotelkosten nach großem Stromausfall fast komplett erstattet",
      "source_id": "ahgz-all",
      "score": 80,
      "bucket": "gastro_t1"
    },
    {
      "title": "Deutschland: Dr. Schär baut Foodservice-Kapazitäten aus",
      "source_id": "ahgz-all",
      "score": 80,
      "bucket": "gastro_t1"
    },
    {
      "title": "Eröffnung: Neues Premier Inn in Eschborn",
      "source_id": "ahgz-all",
      "score": 80,
      "bucket": "gastro_t1"
    },
    {
      "title": "Designpreis: B&B Hotels gewinnt German Brand Award",
      "source_id": "ahgz-all",
      "score": 80,
      "bucket": "gastro_t1"
    },
    {
      "title": "Interview: Vom Wandel in der innerstädtischen Hotellerie",
      "source_id": "ahgz-all",
      "score": 80,
      "bucket": "gastro_t1"
    },
    {
      "title": "ANZEIGE HOBART: Neue HOBART Haubenspülmaschine für mehr Effizienz",
      "source_id": "ahgz-all",
      "score": 80,
      "bucket": "gastro_t1"
    },
    {
      "title": "Hotelmarkt: Licht und Schatten in der Nürnberger Hotellerie",
      "source_id": "ahgz-all",
      "score": 80,
      "bucket": "gastro_t1"
    },
    {
      "title": "DFB-Team in Einzelkritik: Neuers Aura hilft nur zwei Mal",
      "source_id": "faz",
      "score": 76,
      "bucket": "general_keyword"
    },
    {
      "title": "Klischees zu ElfEnbeinküste: Schweinsteigers Geblubber",
      "source_id": "faz",
      "score": 76,
      "bucket": "general_keyword"
    },
    {
      "title": "Präsidententochter: Rechtskonservative Fujimori gewinnt Präsidentenwahl in Peru",
      "source_id": "faz",
      "score": 76,
      "bucket": "general_keyword"
    }
  ],
  "dropped_titles": [
    {
      "title": "SpaceX im MSCI World: Was ETF-Anleger wissen müssen",
      "source_id": "tagesschau-wirtschaft",
      "score": 87,
      "bucket": "general_other"
    },
    {
      "title": "Marktbericht: Viel Trübsal und ein spektakulärer Kurssprung",
      "source_id": "tagesschau-wirtschaft",
      "score": 87,
      "bucket": "general_other"
    },
    {
      "title": "News: Tödliche Schüsse in Stade, Angela Merkel Porträt, WM-Niederlage der Nationalmannschaft gegen Paraguay",
      "source_id": "spiegel",
      "score": 80,
      "bucket": "general_other"
    },
    {
      "title": "WM 2026 News heute: Joshua Kimmich will DFB-Karriere nach WM-Aus gegen Paraguay fortsetzen",
      "source_id": "spiegel",
      "score": 80,
      "bucket": "general_other"
    },
    {
      "title": "Fitness-Umfrage: Joggen. Freiwillig. Warum machen Sie das?",
      "source_id": "spiegel",
      "score": 80,
      "bucket": "general_other"
    },
    {
      "title": "Sport und Regeneration: Was die Wissenschaft über Eistonnen weiß",
      "source_id": "spiegel",
      "score": 80,
      "bucket": "general_other"
    },
    {
      "title": "Iran will Minen in Straße von Hormus allein räumen – Libanon meldet neue israelische Luftangriffe",
      "source_id": "spiegel",
      "score": 80,
      "bucket": "general_other"
    },
    {
      "title": "Guo Wengui: Geschäftsmann aus China in USA zu 30 Jahren Haft verurteilt",
      "source_id": "spiegel",
      "score": 80,
      "bucket": "general_other"
    },
    {
      "title": "Donald Trump will Ölkonzerne zu niedrigeren Benzinpreisen zwingen",
      "source_id": "spiegel",
      "score": 80,
      "bucket": "general_other"
    },
    {
      "title": "Fußball-WM 2026: Nagelsmann schließt Rücktritt nach WM-Fiasko gegen Paraguay aus",
      "source_id": "spiegel",
      "score": 80,
      "bucket": "general_other"
    },
    {
      "title": "WM 2026: Pressestimmen zum deutschen WM-Aus – »Flop Germania!«",
      "source_id": "spiegel",
      "score": 80,
      "bucket": "general_other"
    },
    {
      "title": "Deutschland in der Einzelkritik: Dieses WM-Scheitern trägt auch den Namen Nagelsmann",
      "source_id": "spiegel",
      "score": 80,
      "bucket": "general_other"
    },
    {
      "title": "Fußball-WM 2026: Deutschland scheidet im Elfmeterschießen gegen Paraguay aus",
      "source_id": "spiegel",
      "score": 80,
      "bucket": "general_other"
    },
    {
      "title": "Großbritannien will Asylsuchende für Unterbringung zur Kasse bitten",
      "source_id": "spiegel",
      "score": 80,
      "bucket": "general_other"
    },
    {
      "title": "Stade: Sechs Tote nach Schüssen in Mutter-Kind-Heim",
      "source_id": "spiegel",
      "score": 80,
      "bucket": "general_other"
    },
    {
      "title": "Monaco: Drei Verletzte nach Explosion in Wohnhaus",
      "source_id": "spiegel",
      "score": 80,
      "bucket": "general_other"
    },
    {
      "title": "Israel: Steffen Seibert verabschiedet sich als Botschafter",
      "source_id": "spiegel",
      "score": 80,
      "bucket": "general_other"
    },
    {
      "title": "WM 2026: Brasilien dreht Rückstand gegen Japan in letzter Minute",
      "source_id": "spiegel",
      "score": 80,
      "bucket": "general_other"
    },
    {
      "title": "Fußball-WM 2026 live: Deutschland gegen Paraguay im Liveticker",
      "source_id": "spiegel",
      "score": 80,
      "bucket": "general_other"
    },
    {
      "title": "Berlin: Gutachterin hält angeklagten Palliativarzt für voll schuldfähig",
      "source_id": "spiegel",
      "score": 80,
      "bucket": "general_other"
    },
    {
      "title": "Straße von Hormus: Die Iraner verteidigen ihr bestes Druckmittel",
      "source_id": "spiegel",
      "score": 80,
      "bucket": "general_other"
    },
    {
      "title": "Schüsse in Stade: Polizei informiert über Tat",
      "source_id": "spiegel",
      "score": 80,
      "bucket": "general_other"
    },
    {
      "title": "Stade: Die Pressekonferenz zu den tödlichen Schüssen im Livestream",
      "source_id": "spiegel",
      "score": 80,
      "bucket": "general_other"
    },
    {
      "title": "Fußball-WM 2026: Alles Wichtige über das Sechzehntelfinale der DFB-Elf gegen Paraguay",
      "source_id": "spiegel",
      "score": 80,
      "bucket": "general_other"
    },
    {
      "title": "WM 2026 - Deutschland gegen Paraguay: Abgeordnete fiebern trotz Uhrzeit mit",
      "source_id": "spiegel",
      "score": 80,
      "bucket": "general_other"
    },
    {
      "title": "News des Tages: Schüsse in Stade, Joe Biden kritisiert Donald Trump, Stellenabbau bei VW",
      "source_id": "spiegel",
      "score": 80,
      "bucket": "general_other"
    },
    {
      "title": "Donald Trump: Supreme Court weist Antrag des US-Präsidenten gegen Millionenstrafe ab",
      "source_id": "spiegel",
      "score": 80,
      "bucket": "general_other"
    },
    {
      "title": "Sahra Wagenknecht will Rededuelle mit Alice Weidel – und schmiedet Regierungspläne",
      "source_id": "spiegel",
      "score": 80,
      "bucket": "general_other"
    },
    {
      "title": "Fußball-WM 2026: Wie soll die deutsche Mannschaft gegen Paraguay starten?",
      "source_id": "spiegel",
      "score": 80,
      "bucket": "general_other"
    },
    {
      "title": "Donald Trump: Oberste US-Richter kassieren Entlassung von Fed-Direktorin",
      "source_id": "spiegel",
      "score": 80,
      "bucket": "general_other"
    },
    {
      "title": "Ennigerloh: Viele Kinder mit Brechdurchfall – Naturbad in NRW bleibt zu",
      "source_id": "spiegel",
      "score": 80,
      "bucket": "general_other"
    },
    {
      "title": "Autokorso: Nicht auf dem Dach sitzen, nicht unnötig hupen – welche Regeln gelten",
      "source_id": "spiegel",
      "score": 80,
      "bucket": "general_other"
    },
    {
      "title": "Datenklau im Hotel: Warum man nie seinen Ausweis kopieren lassen sollte",
      "source_id": "faz",
      "score": 76,
      "bucket": "general_keyword"
    },
    {
      "title": "Europachef von Invesco: „Wer als Anleger das Hauptkriterium ‚niedrige ETF-Gebühr‘ wählt, macht nichts falsch“",
      "source_id": "faz",
      "score": 76,
      "bucket": "general_keyword"
    },
    {
      "title": "Frühes WM-Aus: Eine Niederlage, die die deutsche WM auf den Punkt bringt",
      "source_id": "faz",
      "score": 76,
      "bucket": "general_other"
    },
    {
      "title": "Liveblog Fußball-WM 2026: DFB-Sportdirektor Rudi Völler stärkt Nagelsmann den Rücken",
      "source_id": "faz",
      "score": 76,
      "bucket": "general_other"
    },
    {
      "title": "In Jugendhilfeeinrichtung: Sechs Tote in Stade – Tat hatte familiären Hintergrund",
      "source_id": "faz",
      "score": 76,
      "bucket": "general_other"
    },
    {
      "title": "2:1 gegen Japan: Martinelli schießt Brasilien ins Achtelfinale",
      "source_id": "faz",
      "score": 76,
      "bucket": "general_other"
    },
    {
      "title": "Autonomes Fahren: Volkswagen und Bosch geben auf – China fährt davon",
      "source_id": "faz",
      "score": 76,
      "bucket": "general_other"
    },
    {
      "title": "Liveblog Ukrainekrieg: Ukrainischer Oligarch bei Explosion in Monaco schwer verletzt",
      "source_id": "faz",
      "score": 76,
      "bucket": "general_other"
    },
    {
      "title": "Ukrainekrieg: Putin liest Erfolge ab, die es nicht gibt",
      "source_id": "faz",
      "score": 76,
      "bucket": "general_other"
    },
    {
      "title": "Beruflicher Neuanfang: „Das Leben zieht an dir vorbei, du kannst doch viel mehr“",
      "source_id": "faz",
      "score": 76,
      "bucket": "general_other"
    },
    {
      "title": "Wegen FIFA-Friedenspreis: Europaparlamentarier fordern Infantino-Untersuchung",
      "source_id": "faz",
      "score": 76,
      "bucket": "general_other"
    },
    {
      "title": "Umgang mit Iran: Die FIFA ist an ihrer Kernaufgabe gescheitert",
      "source_id": "faz",
      "score": 76,
      "bucket": "general_other"
    },
    {
      "title": "Bewegende Momente zur WM: Republik der Liebe",
      "source_id": "faz",
      "score": 76,
      "bucket": "general_other"
    },
    {
      "title": "Nach der Hitzewelle: Die gefährliche Illusion der Klimaanlage",
      "source_id": "faz",
      "score": 76,
      "bucket": "general_other"
    },
    {
      "title": "Polizeiliche Zusammenarbeit: Gemeinsam stark",
      "source_id": "faz",
      "score": 76,
      "bucket": "general_other"
    },
    {
      "title": "Umgang mit Klimawandel: Jetzt beginnt die politische Hitzeschlacht",
      "source_id": "faz",
      "score": 76,
      "bucket": "general_other"
    },
    {
      "title": "Immobilien: Mehr für den Modulbau",
      "source_id": "faz",
      "score": 76,
      "bucket": "general_other"
    },
    {
      "title": "DFB-Team gegen Paraguay: Deutschland steckt im Verkehr",
      "source_id": "faz",
      "score": 76,
      "bucket": "general_other"
    }
  ]
}